Component: ARM Compiler 5.06 update 6 (build 750) Tool: armlink [4d35ed]

==============================================================================

Section Cross References

    main.o(.text) refers to misc.o(.text) for NVIC_PriorityGroupConfig
    main.o(.text) refers to delay.o(.text) for delay_init
    main.o(.text) refers to lcd.o(.text) for LCD_Init
    main.o(.text) refers to stm32f4xx_rcc.o(.text) for RCC_HSEConfig
    main.o(.text) refers to temperaturetest.o(.text) for TestTemperature
    gui.o(.text) refers to lcd.o(.text) for LCD_SetCursor
    gui.o(.text) refers to lcd.o(.bss) for lcddev
    gui.o(.text) refers to lcd.o(.data) for POINT_COLOR
    gui.o(.text) refers to gui.o(.constdata) for asc2_1206
    gui.o(.text) refers to strlen.o(.text) for strlen
    system_stm32f4xx.o(.text) refers to system_stm32f4xx.o(.data) for SystemCoreClock
    test.o(.text) refers to _printf_percent.o(.ARM.Collect$$_printf_percent$$00000000) for _printf_percent
    test.o(.text) refers to _printf_x.o(.ARM.Collect$$_printf_percent$$0000000C) for _printf_x
    test.o(.text) refers to _printf_hex_int.o(.text) for _printf_longlong_hex
    test.o(.text) refers to _printf_pad.o(.text) for _printf_pre_padding
    test.o(.text) refers to lcd.o(.text) for LCD_Clear
    test.o(.text) refers to gui.o(.text) for LCD_Fill
    test.o(.text) refers to delay.o(.text) for delay_ms
    test.o(.text) refers to lcd.o(.bss) for lcddev
    test.o(.text) refers to lcd.o(.data) for POINT_COLOR
    test.o(.text) refers to test.o(.data) for ColorTab
    test.o(.text) refers to touch.o(.text) for TP_Init
    test.o(.text) refers to key.o(.text) for KEY_Init
    test.o(.text) refers to led.o(.text) for LED_Init
    test.o(.text) refers to test.o(.constdata) for .constdata
    test.o(.text) refers to rt_memclr_w.o(.text) for __aeabi_memclr4
    test.o(.text) refers to noretval__2sprintf.o(.text) for __2sprintf
    test.o(.text) refers to touch.o(.data) for tp_dev
    test.o(.constdata) refers to test.o(.conststring) for .conststring
    temperaturetest.o(.text) refers to _printf_pad.o(.text) for _printf_pre_padding
    temperaturetest.o(.text) refers to _printf_percent.o(.ARM.Collect$$_printf_percent$$00000000) for _printf_percent
    temperaturetest.o(.text) refers to _printf_f.o(.ARM.Collect$$_printf_percent$$00000003) for _printf_f
    temperaturetest.o(.text) refers to printf1.o(x$fpl$printf1) for _printf_fp_dec
    temperaturetest.o(.text) refers to touch.o(.text) for TP_Init
    temperaturetest.o(.text) refers to system_stm32f4xx.o(.text) for SystemInit
    temperaturetest.o(.text) refers to tm_stm32f4_delay.o(.text) for TM_DELAY_Init
    temperaturetest.o(.text) refers to max31865.o(.text) for MAX31865_init
    temperaturetest.o(.text) refers to lcd.o(.text) for LCD_direction
    temperaturetest.o(.text) refers to gui.o(.text) for Gui_Drawbmp18
    temperaturetest.o(.text) refers to delay.o(.text) for delay_ms
    temperaturetest.o(.text) refers to touch.o(.data) for tp_dev
    temperaturetest.o(.text) refers to tm_stm32f4_delay.o(.data) for TM_Time
    temperaturetest.o(.text) refers to temperaturetest.o(.constdata) for gImage_FORWARDTRUE
    temperaturetest.o(.text) refers to f2d.o(x$fpl$f2d) for __aeabi_f2d
    temperaturetest.o(.text) refers to ddiv.o(x$fpl$ddiv) for __aeabi_ddiv
    temperaturetest.o(.text) refers to daddsub_clz.o(x$fpl$dsub) for __aeabi_dsub
    temperaturetest.o(.text) refers to d2f.o(x$fpl$d2f) for __aeabi_d2f
    temperaturetest.o(.text) refers to noretval__2sprintf.o(.text) for __2sprintf
    temperaturetest.o(.text) refers to lcd.o(.data) for BACK_COLOR
    tm_stm32f4_delay.o(.text) refers to tm_stm32f4_timer_properties.o(.text) for TM_TIMER_PROPERTIES_GetTimerProperties
    tm_stm32f4_delay.o(.text) refers to stm32f4xx_tim.o(.text) for TIM_TimeBaseInit
    tm_stm32f4_delay.o(.text) refers to misc.o(.text) for NVIC_Init
    tm_stm32f4_delay.o(.text) refers to h1_alloc.o(.text) for malloc
    tm_stm32f4_delay.o(.text) refers to h1_free.o(.text) for free
    tm_stm32f4_delay.o(.text) refers to tm_stm32f4_delay.o(.data) for TM_Time
    tm_stm32f4_delay.o(.text) refers to tm_stm32f4_delay.o(.bss) for CustomTimers
    tm_stm32f4_delay.o(.text) refers to system_stm32f4xx.o(.data) for SystemCoreClock
    tm_stm32f4_timer_properties.o(.text) refers to stm32f4xx_rcc.o(.text) for RCC_GetClocksFreq
    tm_stm32f4_timer_properties.o(.text) refers to dflt_clz.o(x$fpl$dfltu) for __aeabi_ui2d
    tm_stm32f4_timer_properties.o(.text) refers to dleqf.o(x$fpl$dleqf) for __aeabi_cdcmple
    tm_stm32f4_timer_properties.o(.text) refers to deqf.o(x$fpl$deqf) for __aeabi_cdcmpeq
    tm_stm32f4_timer_properties.o(.text) refers to ddiv.o(x$fpl$ddiv) for __aeabi_ddiv
    tm_stm32f4_timer_properties.o(.text) refers to dfixu.o(x$fpl$dfixu) for __aeabi_d2uiz
    stm32f4xx_tim.o(.text) refers to stm32f4xx_rcc.o(.text) for RCC_APB2PeriphResetCmd
    max31865.o(.text) refers to delay.o(.text) for delay_ms
[...]
    x$fpl$dsub                               0x080084d0   Section      468  daddsub_clz.o(x$fpl$dsub)
    $v0                                      0x080084d0   Number         0  daddsub_clz.o(x$fpl$dsub)
    _dsub1                                   0x080084e1   Thumb Code     0  daddsub_clz.o(x$fpl$dsub)
    x$fpl$f2d                                0x080086a4   Section       86  f2d.o(x$fpl$f2d)
    $v0                                      0x080086a4   Number         0  f2d.o(x$fpl$f2d)
    x$fpl$fnaninf                            0x080086fa   Section      140  fnaninf.o(x$fpl$fnaninf)
    $v0                                      0x080086fa   Number         0  fnaninf.o(x$fpl$fnaninf)
    x$fpl$fpinit                             0x08008786   Section       10  fpinit.o(x$fpl$fpinit)
    $v0                                      0x08008786   Number         0  fpinit.o(x$fpl$fpinit)
    x$fpl$fretinf                            0x08008790   Section       10  fretinf.o(x$fpl$fretinf)
    $v0                                      0x08008790   Number         0  fretinf.o(x$fpl$fretinf)
    x$fpl$printf1                            0x0800879a   Section        4  printf1.o(x$fpl$printf1)
    $v0                                      0x0800879a   Number         0  printf1.o(x$fpl$printf1)
    .constdata                               0x0800879e   Section     5942  gui.o(.constdata)
    x$fpl$usenofp                            0x0800879e   Section        0  usenofp.o(x$fpl$usenofp)
    .constdata                               0x08009ed4   Section    97604  temperaturetest.o(.constdata)
    .constdata                               0x08021c18   Section       28  stm32f4xx_fsmc.o(.constdata)
    .constdata                               0x08021c34   Section       17  __printf_flags_wp.o(.constdata)
    maptable                                 0x08021c34   Data          17  __printf_flags_wp.o(.constdata)
    .constdata                               0x08021c48   Section      148  bigflt0.o(.constdata)
    tenpwrs_x                                0x08021c48   Data          60  bigflt0.o(.constdata)
    tenpwrs_i                                0x08021c84   Data          64  bigflt0.o(.constdata)
    .conststring                             0x08021cdc   Section      121  touch.o(.conststring)
    locale$$data                             0x08021d78   Section       28  lc_numeric_c.o(locale$$data)
    __lcnum_c_name                           0x08021d7c   Data           2  lc_numeric_c.o(locale$$data)
    __lcnum_c_start                          0x08021d84   Data           0  lc_numeric_c.o(locale$$data)
    __lcnum_c_point                          0x08021d90   Data           0  lc_numeric_c.o(locale$$data)
    __lcnum_c_thousands                      0x08021d92   Data           0  lc_numeric_c.o(locale$$data)
    __lcnum_c_grouping                       0x08021d93   Data           0  lc_numeric_c.o(locale$$data)
    __lcnum_c_end                            0x08021d94   Data           0  lc_numeric_c.o(locale$$data)
    .data                                    0x20000000   Section       20  system_stm32f4xx.o(.data)
    .data                                    0x20000014   Section       17  tm_stm32f4_delay.o(.data)
    .data                                    0x20000028   Section        4  max31865.o(.data)
    .data                                    0x2000002c   Section        6  lcd.o(.data)
    .data                                    0x20000034   Section       48  touch.o(.data)
    .data                                    0x20000064   Section        4  delay.o(.data)
    fac_us                                   0x20000064   Data           1  delay.o(.data)
    fac_ms                                   0x20000066   Data           2  delay.o(.data)
    .data                                    0x20000068   Section       16  stm32f4xx_rcc.o(.data)
    APBAHBPrescTable                         0x20000068   Data          16  stm32f4xx_rcc.o(.data)
    .bss                                     0x20000078   Section       24  tm_stm32f4_delay.o(.bss)
    CustomTimers                             0x20000078   Data          24  tm_stm32f4_delay.o(.bss)
    .bss                                     0x20000090   Section       16  lcd.o(.bss)
    .bss                                     0x200000a0   Section       96  libspace.o(.bss)
    HEAP                                     0x20000100   Section      512  startup_stm32f40_41xxx.o(HEAP)
    Heap_Mem                                 0x20000100   Data         512  startup_stm32f40_41xxx.o(HEAP)
    STACK                                    0x20000300   Section     1024  startup_stm32f40_41xxx.o(STACK)
    Stack_Mem                                0x20000300   Data        1024  startup_stm32f40_41xxx.o(STACK)
    __initial_sp                             0x20000700   Data           0  startup_stm32f40_41xxx.o(STACK)

    Global Symbols

    Symbol Name                              Value     Ov Type        Size  Object(Section)

    BuildAttributes$$THM_ISAv4$E$P$D$K$B$S$7EM$VFPi3$EXTD16$VFPS$VFMA$PE$A:L22UL41UL21$X:L11$S22US41US21$IEEE1$IW$USESV6$~STKCKD$USESV7$~SHL$OTIME$ROPI$IEEEJ$EBA8$UX$STANDARDLIB$REQ8$PRES8$EABIv2 0x00000000   Number         0  anon$$obj.o ABSOLUTE
    __ARM_use_no_argv                        0x00000000   Number         0  main.o ABSOLUTE
    _printf_flags                            0x00000000   Number         0  printf_stubs.o ABSOLUTE
    _printf_return_value                     0x00000000   Number         0  printf_stubs.o ABSOLUTE
    _printf_sizespec                         0x00000000   Number         0  printf_stubs.o ABSOLUTE
    _printf_widthprec                        0x00000000   Number         0  printf_stubs.o ABSOLUTE
    TM_DELAY_1msHandler                       - Undefined Weak Reference
    __ARM_exceptions_init                     - Undefined Weak Reference
    __alloca_initialize                       - Undefined Weak Reference
    __arm_preinit_                            - Undefined Weak Reference
    __cpp_initialize__aeabi_                  - Undefined Weak Reference
    __cxa_finalize                            - Undefined Weak Reference
    __sigvec_lookup                           - Undefined Weak Reference
    __user_heap_extent                        - Undefined Weak Reference
    _atexit_init                              - Undefined Weak Reference
    _call_atexit_fns                          - Undefined Weak Reference
    _clock_init                               - Undefined Weak Reference
    _fp_trap_init                             - Undefined Weak Reference
    _fp_trap_shutdown                         - Undefined Weak Reference
    _get_lc_collate                           - Undefined Weak Reference
    _get_lc_ctype                             - Undefined Weak Reference
    _get_lc_monetary                          - Undefined Weak Reference
    _get_lc_time                              - Undefined Weak Reference
    _getenv_init                              - Undefined Weak Reference
    _handle_redirection                       - Undefined Weak Reference
    _initio                                   - Undefined Weak Reference
    _mutex_acquire                            - Undefined Weak Reference
    _mutex_free                               - Undefined Weak Reference
    _mutex_release                            - Undefined Weak Reference
    _printf_truncate_unsigned                 - Undefined Weak Reference
    _rand_init                                - Undefined Weak Reference
    _signal_finish                            - Undefined Weak Reference
    _signal_init                              - Undefined Weak Reference
    _terminateio                              - Undefined Weak Reference
    __Vectors_Size                           0x00000188   Number         0  startup_stm32f40_41xxx.o ABSOLUTE
    __Vectors                                0x08000000   Data           4  startup_stm32f40_41xxx.o(RESET)
    __Vectors_End                            0x08000188   Data           0  startup_stm32f40_41xxx.o(RESET)
    __main                                   0x08000189   Thumb Code     8  __main.o(!!!main)
    __scatterload                            0x08000191   Thumb Code     0  __scatter.o(!!!scatter)
    __scatterload_rt2                        0x08000191   Thumb Code    44  __scatter.o(!!!scatter)
    __scatterload_rt2_thumb_only             0x08000191   Thumb Code     0  __scatter.o(!!!scatter)
    __scatterload_null                       0x0800019f   Thumb Code     0  __scatter.o(!!!scatter)
    __scatterload_copy                       0x080001c5   Thumb Code    26  __scatter_copy.o(!!handler_copy)
    __scatterload_zeroinit                   0x080001e1   Thumb Code    28  __scatter_zi.o(!!handler_zi)
    _printf_f                                0x080001fd   Thumb Code     0  _printf_f.o(.ARM.Collect$$_printf_percent$$00000003)
    _printf_percent                          0x080001fd   Thumb Code     0  _printf_percent.o(.ARM.Collect$$_printf_percent$$00000000)
    _printf_percent_end                      0x08000203   Thumb Code     0  _printf_percent_end.o(.ARM.Collect$$_printf_percent$$00000017)
    __rt_lib_init                            0x08000207   Thumb Code     0  libinit.o(.ARM.Collect$$libinit$$00000000)
    __rt_lib_init_fp_1                       0x08000209   Thumb Code     0  libinit2.o(.ARM.Collect$$libinit$$00000001)
    __rt_lib_init_heap_2                     0x0800020d   Thumb Code     0  libinit2.o(.ARM.Collect$$libinit$$00000005)
    __rt_lib_init_preinit_1                  0x0800020d   Thumb Code     0  libinit2.o(.ARM.Collect$$libinit$$00000004)
    __rt_lib_init_heap_1                     0x08000215   Thumb Code     0  libinit2.o(.ARM.Collect$$libinit$$0000000A)
    __rt_lib_init_lc_common                  0x08000215   Thumb Code     0  libinit2.o(.ARM.Collect$$libinit$$0000000F)
    __rt_lib_init_rand_1                     0x08000215   Thumb Code     0  libinit2.o(.ARM.Collect$$libinit$$0000000E)
    __rt_lib_init_user_alloc_1               0x08000215   Thumb Code     0  libinit2.o(.ARM.Collect$$libinit$$0000000C)
    __rt_lib_init_lc_collate_1               0x0800021b   Thumb Code     0  libinit2.o(.ARM.Collect$$libinit$$00000011)
    __rt_lib_init_lc_ctype_1                 0x0800021b   Thumb Code     0  libinit2.o(.ARM.Collect$$libinit$$00000013)
    __rt_lib_init_lc_monetary_1              0x0800021b   Thumb Code     0  libinit2.o(.ARM.Collect$$libinit$$00000015)
    __rt_lib_init_lc_numeric_2               0x0800021b   Thumb Code     0  libinit2.o(.ARM.Collect$$libinit$$00000016)
    __rt_lib_init_alloca_1                   0x08000225   Thumb Code     0  libinit2.o(.ARM.Collect$$libinit$$0000002E)
    __rt_lib_init_argv_1                     0x08000225   Thumb Code     0  libinit2.o(.ARM.Collect$$libinit$$0000002C)
    __rt_lib_init_atexit_1                   0x08000225   Thumb Code     0  libinit2.o(.ARM.Collect$$libinit$$0000001B)
    __rt_lib_init_clock_1                    0x08000225   Thumb Code     0  libinit2.o(.ARM.Collect$$libinit$$00000021)
    __rt_lib_init_cpp_1                      0x08000225   Thumb Code     0  libinit2.o(.ARM.Collect$$libinit$$00000032)
    __rt_lib_init_exceptions_1               0x08000225   Thumb Code     0  libinit2.o(.ARM.Collect$$libinit$$00000030)
    __rt_lib_init_fp_trap_1                  0x08000225   Thumb Code     0  libinit2.o(.ARM.Collect$$libinit$$0000001F)
    __rt_lib_init_getenv_1                   0x08000225   Thumb Code     0  libinit2.o(.ARM.Collect$$libinit$$00000023)
    __rt_lib_init_lc_numeric_1               0x08000225   Thumb Code     0  libinit2.o(.ARM.Collect$$libinit$$00000017)
    __rt_lib_init_lc_time_1                  0x08000225   Thumb Code     0  libinit2.o(.ARM.Collect$$libinit$$00000019)
    __rt_lib_init_return                     0x08000225   Thumb Code     0  libinit2.o(.ARM.Collect$$libinit$$00000033)
    __rt_lib_init_signal_1                   0x08000225   Thumb Code     0  libinit2.o(.ARM.Collect$$libinit$$0000001D)
    __rt_lib_init_stdio_1                    0x08000225   Thumb Code     0  libinit2.o(.ARM.Collect$$libinit$$00000025)
    __rt_lib_shutdown                        0x08000227   Thumb Code     0  libshutdown.o(.ARM.Collect$$libshutdown$$00000000)
    __rt_lib_shutdown_cpp_1                  0x08000229   Thumb Code     0  libshutdown2.o(.ARM.Collect$$libshutdown$$00000002)
    __rt_lib_shutdown_fp_trap_1              0x08000229   Thumb Code     0  libshutdown2.o(.ARM.Collect$$libshutdown$$00000007)
    __rt_lib_shutdown_heap_1                 0x08000229   Thumb Code     0  libshutdown2.o(.ARM.Collect$$libshutdown$$0000000F)
    __rt_lib_shutdown_return                 0x08000229   Thumb Code     0  libshutdown2.o(.ARM.Collect$$libshutdown$$00000010)
    __rt_lib_shutdown_signal_1               0x08000229   Thumb Code     0  libshutdown2.o(.ARM.Collect$$libshutdown$$0000000A)
    __rt_lib_shutdown_stdio_1                0x08000229   Thumb Code     0  libshutdown2.o(.ARM.Collect$$libshutdown$$00000004)
    __rt_lib_shutdown_user_alloc_1           0x08000229   Thumb Code     0  libshutdown2.o(.ARM.Collect$$libshutdown$$0000000C)
    __rt_entry                               0x0800022b   Thumb Code     0  __rtentry.o(.ARM.Collect$$rtentry$$00000000)
    __rt_entry_presh_1                       0x0800022b   Thumb Code     0  __rtentry2.o(.ARM.Collect$$rtentry$$00000002)
    __rt_entry_sh                            0x0800022b   Thumb Code     0  __rtentry4.o(.ARM.Collect$$rtentry$$00000004)
    __rt_entry_li                            0x08000231   Thumb Code     0  __rtentry2.o(.ARM.Collect$$rtentry$$0000000A)
    __rt_entry_postsh_1                      0x08000231   Thumb Code     0  __rtentry2.o(.ARM.Collect$$rtentry$$00000009)
    __rt_entry_main                          0x08000235   Thumb Code     0  __rtentry2.o(.ARM.Collect$$rtentry$$0000000D)
    __rt_entry_postli_1                      0x08000235   Thumb Code     0  __rtentry2.o(.ARM.Collect$$rtentry$$0000000C)
    __rt_exit                                0x0800023d   Thumb Code     0  rtexit.o(.ARM.Collect$$rtexit$$00000000)
    __rt_exit_ls                             0x0800023f   Thumb Code     0  rtexit2.o(.ARM.Collect$$rtexit$$00000003)
    __rt_exit_prels_1                        0x0800023f   Thumb Code     0  rtexit2.o(.ARM.Collect$$rtexit$$00000002)
    __rt_exit_exit                           0x08000243   Thumb Code     0  rtexit2.o(.ARM.Collect$$rtexit$$00000004)
    PIDSetpointSet                           0x08000249   Thumb Code     6  main.o(.text)
    _maybe_terminate_alloc                   0x08000249   Thumb Code     0  maybetermalloc1.o(.emb_text)
    PIDInputSet                              0x0800024f   Thumb Code     6  main.o(.text)
    PIDOutputGet                             0x08000255   Thumb Code     6  main.o(.text)
    PIDKpGet                                 0x0800025b   Thumb Code     6  main.o(.text)
    PIDKiGet                                 0x08000261   Thumb Code     6  main.o(.text)
    PIDKdGet                                 0x08000267   Thumb Code     6  main.o(.text)
    PIDModeGet                               0x0800026d   Thumb Code     8  main.o(.text)
    PIDDirectionGet                          0x08000275   Thumb Code     8  main.o(.text)
    main                                     0x0800027d   Thumb Code    78  main.o(.text)
    GUI_DrawPoint                            0x080002d1   Thumb Code    24  gui.o(.text)
    LCD_Fill                                 0x080002e9   Thumb Code   110  gui.o(.text)
    LCD_DrawLine                             0x08000357   Thumb Code   176  gui.o(.text)
    LCD_DrawRectangle                        0x08000407   Thumb Code    64  gui.o(.text)
    LCD_DrawFillRectangle                    0x08000447   Thumb Code    30  gui.o(.text)
    _draw_circle_8                           0x08000465   Thumb Code   132  gui.o(.text)
    gui_circle                               0x080004e9   Thumb Code   154  gui.o(.text)
    Draw_Triangel                            0x08000583   Thumb Code    56  gui.o(.text)
    Fill_Triangel                            0x080005c5   Thumb Code   532  gui.o(.text)
    LCD_ShowChar                             0x080007d9   Thumb Code   276  gui.o(.text)
    LCD_ShowString                           0x080008ed   Thumb Code    94  gui.o(.text)
    mypow                                    0x0800094b   Thumb Code    22  gui.o(.text)
    LCD_ShowNum                              0x08000961   Thumb Code   168  gui.o(.text)
    GUI_DrawFont16                           0x08000a09   Thumb Code   252  gui.o(.text)
    GUI_DrawFont24                           0x08000b05   Thumb Code   298  gui.o(.text)
    GUI_DrawFont32                           0x08000c2f   Thumb Code   252  gui.o(.text)
    Show_Str                                 0x08000d2b   Thumb Code   264  gui.o(.text)
    Gui_StrCenter                            0x08000e33   Thumb Code    60  gui.o(.text)
    Gui_Drawbmp16                            0x08000e6f   Thumb Code    90  gui.o(.text)
    Gui_Drawbmp17                            0x08000ec9   Thumb Code    90  gui.o(.text)
    Gui_Drawbmp18                            0x08000f23   Thumb Code   110  gui.o(.text)
    Gui_Drawbmp19                            0x08000f91   Thumb Code    90  gui.o(.text)
    Gui_Drawbmp20                            0x08000feb   Thumb Code    92  gui.o(.text)
    NMI_Handler                              0x0800104d   Thumb Code     2  stm32f4xx_it.o(.text)
    HardFault_Handler                        0x0800104f   Thumb Code     4  stm32f4xx_it.o(.text)
    MemManage_Handler                        0x08001053   Thumb Code     4  stm32f4xx_it.o(.text)
    BusFault_Handler                         0x08001057   Thumb Code     4  stm32f4xx_it.o(.text)
    UsageFault_Handler                       0x0800105b   Thumb Code     4  stm32f4xx_it.o(.text)
    SVC_Handler                              0x0800105f   Thumb Code     2  stm32f4xx_it.o(.text)
    DebugMon_Handler                         0x08001061   Thumb Code     2  stm32f4xx_it.o(.text)
    PendSV_Handler                           0x08001063   Thumb Code     2  stm32f4xx_it.o(.text)
    SystemInit                               0x08001141   Thumb Code    88  system_stm32f4xx.o(.text)
    SystemCoreClockUpdate                    0x08001199   Thumb Code   174  system_stm32f4xx.o(.text)
    SetAsOutput                              0x08001275   Thumb Code    50  temperaturetest.o(.text)
    SetAsInput                               0x080012a7   Thumb Code    36  temperaturetest.o(.text)
    PIDcontroller                            0x080012cb   Thumb Code    34  temperaturetest.o(.text)
    configGPIOB                              0x080012ed   Thumb Code    54  temperaturetest.o(.text)
    configpioG                               0x08001323   Thumb Code    32  temperaturetest.o(.text)
    TestTemperature                          0x08001343   Thumb Code  4858  temperaturetest.o(.text)
    TIM2_IRQHandler                          0x08002649   Thumb Code   172  tm_stm32f4_delay.o(.text)
    TM_DELAY_INT_InitTIM                     0x080026f5   Thumb Code   158  tm_stm32f4_delay.o(.text)
    TM_DELAY_Init                            0x08002793   Thumb Code    14  tm_stm32f4_delay.o(.text)
    TM_DELAY_EnableDelayTimer                0x080027a1   Thumb Code    28  tm_stm32f4_delay.o(.text)
    TM_DELAY_DisableDelayTimer               0x080027bd   Thumb Code    18  tm_stm32f4_delay.o(.text)
    TM_DELAY_TimerCreate                     0x080027cf   Thumb Code    90  tm_stm32f4_delay.o(.text)
    TM_DELAY_TimerDelete                     0x08002829   Thumb Code   126  tm_stm32f4_delay.o(.text)
    TM_DELAY_TimerStop                       0x080028a7   Thumb Code     6  tm_stm32f4_delay.o(.text)
    TM_DELAY_TimerStart                      0x080028ad   Thumb Code     6  tm_stm32f4_delay.o(.text)
    TM_DELAY_TimerReset                      0x080028b3   Thumb Code     6  tm_stm32f4_delay.o(.text)
    TM_DELAY_TimerAutoReload                 0x080028b9   Thumb Code     4  tm_stm32f4_delay.o(.text)
    TM_DELAY_TimerAutoReloadValue            0x080028bd   Thumb Code     4  tm_stm32f4_delay.o(.text)
    TM_TIMER_PROPERTIES_GetTimerProperties   0x080028e1   Thumb Code   150  tm_stm32f4_timer_properties.o(.text)
    TM_TIMER_PROPERTIES_GenerateDataForWorkingFrequency 0x08002977   Thumb Code   202  tm_stm32f4_timer_properties.o(.text)
    TM_TIMER_PROPERTIES_EnableClock          0x08002a41   Thumb Code   230  tm_stm32f4_timer_properties.o(.text)
    TM_TIMER_PROPERTIES_DisableClock         0x08002b27   Thumb Code   236  tm_stm32f4_timer_properties.o(.text)
    TIM_DeInit                               0x08002c51   Thumb Code   346  stm32f4xx_tim.o(.text)
    TIM_TimeBaseInit                         0x08002dab   Thumb Code   104  stm32f4xx_tim.o(.text)
    TIM_TimeBaseStructInit                   0x08002e13   Thumb Code    18  stm32f4xx_tim.o(.text)
    TIM_PrescalerConfig                      0x08002e25   Thumb Code     6  stm32f4xx_tim.o(.text)
    TIM_CounterModeConfig                    0x08002e2b   Thumb Code    18  stm32f4xx_tim.o(.text)
    TIM_SetCounter                           0x08002e3d   Thumb Code     4  stm32f4xx_tim.o(.text)
    TIM_SetAutoreload                        0x08002e41   Thumb Code     4  stm32f4xx_tim.o(.text)
    TIM_GetCounter                           0x08002e45   Thumb Code     6  stm32f4xx_tim.o(.text)
    TIM_GetPrescaler                         0x08002e4b   Thumb Code     6  stm32f4xx_tim.o(.text)
    TIM_UpdateDisableConfig                  0x08002e51   Thumb Code    24  stm32f4xx_tim.o(.text)
    TIM_UpdateRequestConfig                  0x08002e69   Thumb Code    24  stm32f4xx_tim.o(.text)
    TIM_ARRPreloadConfig                     0x08002e81   Thumb Code    24  stm32f4xx_tim.o(.text)
    TIM_SelectOnePulseMode                   0x08002e99   Thumb Code    18  stm32f4xx_tim.o(.text)
    TIM_SetClockDivision                     0x08002eab   Thumb Code    18  stm32f4xx_tim.o(.text)
    TIM_Cmd                                  0x08002ebd   Thumb Code    24  stm32f4xx_tim.o(.text)
    TIM_OC1Init                              0x08002ed5   Thumb Code   114  stm32f4xx_tim.o(.text)
    TIM_OC2Init                              0x08002f47   Thumb Code   154  stm32f4xx_tim.o(.text)
    TIM_OC3Init                              0x08002fe1   Thumb Code   204  stm32f4xx_tim.o(.text)
    TIM_OC4Init                              0x080030ad   Thumb Code   112  stm32f4xx_tim.o(.text)
    TIM_OCStructInit                         0x0800311d   Thumb Code    20  stm32f4xx_tim.o(.text)
    TIM_SelectOCxM                           0x08003131   Thumb Code    86  stm32f4xx_tim.o(.text)
    TIM_SetCompare1                          0x08003187   Thumb Code     4  stm32f4xx_tim.o(.text)
    TIM_SetCompare2                          0x0800318b   Thumb Code     4  stm32f4xx_tim.o(.text)
    TIM_SetCompare3                          0x0800318f   Thumb Code     4  stm32f4xx_tim.o(.text)
    TIM_SetCompare4                          0x08003193   Thumb Code     4  stm32f4xx_tim.o(.text)
    TIM_ForcedOC1Config                      0x08003197   Thumb Code    18  stm32f4xx_tim.o(.text)
    TIM_ForcedOC2Config                      0x080031a9   Thumb Code    26  stm32f4xx_tim.o(.text)
    TIM_ForcedOC3Config                      0x080031c3   Thumb Code    18  stm32f4xx_tim.o(.text)
    TIM_ForcedOC4Config                      0x080031d5   Thumb Code    26  stm32f4xx_tim.o(.text)
    TIM_OC1PreloadConfig                     0x080031ef   Thumb Code    18  stm32f4xx_tim.o(.text)
    TIM_OC2PreloadConfig                     0x08003201   Thumb Code    26  stm32f4xx_tim.o(.text)
    TIM_OC3PreloadConfig                     0x0800321b   Thumb Code    18  stm32f4xx_tim.o(.text)
    TIM_OC4PreloadConfig                     0x0800322d   Thumb Code    26  stm32f4xx_tim.o(.text)
    TIM_OC1FastConfig                        0x08003247   Thumb Code    18  stm32f4xx_tim.o(.text)
    TIM_OC2FastConfig                        0x08003259   Thumb Code    26  stm32f4xx_tim.o(.text)
    TIM_OC3FastConfig                        0x08003273   Thumb Code    18  stm32f4xx_tim.o(.text)
    TIM_OC4FastConfig                        0x08003285   Thumb Code    26  stm32f4xx_tim.o(.text)
    TIM_ClearOC1Ref                          0x0800329f   Thumb Code    18  stm32f4xx_tim.o(.text)
    TIM_ClearOC2Ref                          0x080032b1   Thumb Code    24  stm32f4xx_tim.o(.text)
    TIM_ClearOC3Ref                          0x080032c9   Thumb Code    18  stm32f4xx_tim.o(.text)
    TIM_ClearOC4Ref                          0x080032db   Thumb Code    24  stm32f4xx_tim.o(.text)
    TIM_OC1PolarityConfig                    0x080032f3   Thumb Code    18  stm32f4xx_tim.o(.text)
    TIM_OC1NPolarityConfig                   0x08003305   Thumb Code    18  stm32f4xx_tim.o(.text)
    TIM_OC2PolarityConfig                    0x08003317   Thumb Code    26  stm32f4xx_tim.o(.text)
    TIM_OC2NPolarityConfig                   0x08003331   Thumb Code    26  stm32f4xx_tim.o(.text)
    TIM_OC3PolarityConfig                    0x0800334b   Thumb Code    26  stm32f4xx_tim.o(.text)
    TIM_OC3NPolarityConfig                   0x08003365   Thumb Code    26  stm32f4xx_tim.o(.text)
    TIM_OC4PolarityConfig                    0x0800337f   Thumb Code    26  stm32f4xx_tim.o(.text)
    TIM_CCxCmd                               0x08003399   Thumb Code    30  stm32f4xx_tim.o(.text)
    TIM_CCxNCmd                              0x080033b7   Thumb Code    30  stm32f4xx_tim.o(.text)
    TIM_SetIC4Prescaler                      0x080033d5   Thumb Code    26  stm32f4xx_tim.o(.text)
    TIM_SetIC3Prescaler                      0x0800343f   Thumb Code    18  stm32f4xx_tim.o(.text)
    TIM_SetIC2Prescaler                      0x08003499   Thumb Code    26  stm32f4xx_tim.o(.text)
    TIM_SetIC1Prescaler                      0x0800350d   Thumb Code    18  stm32f4xx_tim.o(.text)
    TIM_ICInit                               0x08003559   Thumb Code   110  stm32f4xx_tim.o(.text)
    TIM_ICStructInit                         0x080035c7   Thumb Code    18  stm32f4xx_tim.o(.text)
    TIM_PWMIConfig                           0x080035d9   Thumb Code   124  stm32f4xx_tim.o(.text)
    TIM_GetCapture1                          0x08003655   Thumb Code     6  stm32f4xx_tim.o(.text)
    TIM_GetCapture2                          0x0800365b   Thumb Code     6  stm32f4xx_tim.o(.text)
    TIM_GetCapture3                          0x08003661   Thumb Code     6  stm32f4xx_tim.o(.text)
    TIM_GetCapture4                          0x08003667   Thumb Code     6  stm32f4xx_tim.o(.text)
    TIM_BDTRConfig                           0x0800366d   Thumb Code    32  stm32f4xx_tim.o(.text)
    TIM_BDTRStructInit                       0x0800368d   Thumb Code    18  stm32f4xx_tim.o(.text)
    TIM_CtrlPWMOutputs                       0x0800369f   Thumb Code    30  stm32f4xx_tim.o(.text)
    TIM_SelectCOM                            0x080036bd   Thumb Code    24  stm32f4xx_tim.o(.text)
    TIM_CCPreloadControl                     0x080036d5   Thumb Code    24  stm32f4xx_tim.o(.text)
    TIM_ITConfig                             0x080036ed   Thumb Code    18  stm32f4xx_tim.o(.text)
    TIM_GenerateEvent                        0x080036ff   Thumb Code     4  stm32f4xx_tim.o(.text)
    TIM_GetFlagStatus                        0x08003703   Thumb Code    18  stm32f4xx_tim.o(.text)
    TIM_ClearFlag                            0x08003715   Thumb Code     6  stm32f4xx_tim.o(.text)
    TIM_GetITStatus                          0x0800371b   Thumb Code    34  stm32f4xx_tim.o(.text)
    TIM_ClearITPendingBit                    0x0800373d   Thumb Code     6  stm32f4xx_tim.o(.text)
    TIM_DMAConfig                            0x08003743   Thumb Code    10  stm32f4xx_tim.o(.text)
    TIM_DMACmd                               0x0800374d   Thumb Code    18  stm32f4xx_tim.o(.text)
    TIM_SelectCCDMA                          0x0800375f   Thumb Code    24  stm32f4xx_tim.o(.text)
    TIM_InternalClockConfig                  0x08003777   Thumb Code    12  stm32f4xx_tim.o(.text)
    TIM_SelectInputTrigger                   0x08003783   Thumb Code    18  stm32f4xx_tim.o(.text)
    TIM_ITRxExternalClockConfig              0x08003795   Thumb Code    24  stm32f4xx_tim.o(.text)
    TIM_TIxExternalClockConfig               0x080037ad   Thumb Code    62  stm32f4xx_tim.o(.text)
    TIM_ETRConfig                            0x080037eb   Thumb Code    28  stm32f4xx_tim.o(.text)
    TIM_ETRClockMode1Config                  0x08003807   Thumb Code    54  stm32f4xx_tim.o(.text)
    TIM_ETRClockMode2Config                  0x0800383d   Thumb Code    32  stm32f4xx_tim.o(.text)
    TIM_SelectOutputTrigger                  0x0800385d   Thumb Code    18  stm32f4xx_tim.o(.text)
    TIM_SelectSlaveMode                      0x0800386f   Thumb Code    18  stm32f4xx_tim.o(.text)
    TIM_SelectMasterSlaveMode                0x08003881   Thumb Code    18  stm32f4xx_tim.o(.text)
    TIM_EncoderInterfaceConfig               0x08003893   Thumb Code    66  stm32f4xx_tim.o(.text)
    TIM_SelectHallSensor                     0x080038d5   Thumb Code    24  stm32f4xx_tim.o(.text)
    TIM_RemapConfig                          0x080038ed   Thumb Code     6  stm32f4xx_tim.o(.text)
    GPIO_WritePin                            0x080038f5   Thumb Code    18  max31865.o(.text)
    GPIO_ReadPin                             0x08003907   Thumb Code    18  max31865.o(.text)
    spi_write                                0x08003919   Thumb Code    98  max31865.o(.text)
    spi_read                                 0x0800397b   Thumb Code   118  max31865.o(.text)
    MAX31865_read                            0x080039f1   Thumb Code    66  max31865.o(.text)
    MAX31865_write                           0x08003a33   Thumb Code    66  max31865.o(.text)
    enableBias                               0x08003a75   Thumb Code    50  max31865.o(.text)
    autoConvert                              0x08003aa7   Thumb Code    50  max31865.o(.text)
    setWires                                 0x08003ad9   Thumb Code    52  max31865.o(.text)
    single_shot                              0x08003b0d   Thumb Code    34  max31865.o(.text)
    MAX31865_init                            0x08003b2f   Thumb Code    84  max31865.o(.text)
    MAX31865_readTemp                        0x08003b83   Thumb Code   154  max31865.o(.text)
    AT24CXX_Init                             0x08003c35   Thumb Code     8  24cxx.o(.text)
    AT24CXX_ReadOneByte                      0x08003c3d   Thumb Code    88  24cxx.o(.text)
    AT24CXX_WriteOneByte                     0x08003c95   Thumb Code    80  24cxx.o(.text)
    AT24CXX_WriteLenByte                     0x08003ce5   Thumb Code    42  24cxx.o(.text)
    AT24CXX_ReadLenByte                      0x08003d0f   Thumb Code    44  24cxx.o(.text)
    AT24CXX_Check                            0x08003d3b   Thumb Code    46  24cxx.o(.text)
    AT24CXX_Read                             0x08003d69   Thumb Code    34  24cxx.o(.text)
    AT24CXX_Write                            0x08003d8b   Thumb Code    36  24cxx.o(.text)
    IIC_Init                                 0x08003db1   Thumb Code    62  myiic.o(.text)
    IIC_Start                                0x08003def   Thumb Code    68  myiic.o(.text)
    IIC_Stop                                 0x08003e33   Thumb Code    62  myiic.o(.text)
    IIC_Wait_Ack                             0x08003e71   Thumb Code    82  myiic.o(.text)
    IIC_Ack                                  0x08003ec3   Thumb Code    66  myiic.o(.text)
    IIC_NAck                                 0x08003f05   Thumb Code    66  myiic.o(.text)
    IIC_Send_Byte                            0x08003f47   Thumb Code    90  myiic.o(.text)
    IIC_Read_Byte                            0x08003fa1   Thumb Code    94  myiic.o(.text)
    LCD_read                                 0x0800400d   Thumb Code    14  lcd.o(.text)
    LCD_WR_REG                               0x0800401b   Thumb Code    10  lcd.o(.text)
    LCD_WR_DATA                              0x08004025   Thumb Code     8  lcd.o(.text)
    LCD_RD_DATA                              0x0800402d   Thumb Code     8  lcd.o(.text)
    LCD_WriteReg                             0x08004035   Thumb Code    16  lcd.o(.text)
    LCD_ReadReg                              0x08004045   Thumb Code    40  lcd.o(.text)
    LCD_WriteRAM_Prepare                     0x0800406d   Thumb Code    12  lcd.o(.text)
    LCD_ReadRAM_Prepare                      0x08004079   Thumb Code    12  lcd.o(.text)
    Lcd_WriteData_16Bit                      0x08004085   Thumb Code     6  lcd.o(.text)
    Lcd_ReadData_16Bit                       0x0800408b   Thumb Code    24  lcd.o(.text)
    LCD_SetWindows                           0x080040a3   Thumb Code    76  lcd.o(.text)
    LCD_SetCursor                            0x080040ef   Thumb Code    20  lcd.o(.text)
    LCD_DrawPoint                            0x08004103   Thumb Code    24  lcd.o(.text)
    LCD_ReadPoint                            0x0800411b   Thumb Code    48  lcd.o(.text)
    LCD_Clear                                0x0800414b   Thumb Code    56  lcd.o(.text)
    LCD_GPIOInit                             0x08004183   Thumb Code   584  lcd.o(.text)
    LCD_direction                            0x080043cb   Thumb Code   176  lcd.o(.text)
    LCD_Init                                 0x0800447b   Thumb Code   472  lcd.o(.text)
    LCD_Read_ID                              0x08004653   Thumb Code    30  lcd.o(.text)
    TP_Write_Byte                            0x08004679   Thumb Code    64  touch.o(.text)
    TP_Read_AD                               0x080046b9   Thumb Code   132  touch.o(.text)
    TP_Read_XOY                              0x0800473d   Thumb Code   120  touch.o(.text)
    TP_Read_XY                               0x080047b5   Thumb Code    38  touch.o(.text)
    TP_Read_XY2                              0x080047db   Thumb Code   192  touch.o(.text)
    TP_Drow_Touch_Point                      0x0800489b   Thumb Code   116  touch.o(.text)
    TP_Draw_Big_Point                        0x0800490f   Thumb Code    54  touch.o(.text)
    TP_Scan                                  0x08004945   Thumb Code   226  touch.o(.text)
    TP_Save_Adjdata                          0x08004a27   Thumb Code   170  touch.o(.text)
    TP_Get_Adjdata                           0x08004ad1   Thumb Code   160  touch.o(.text)
    TP_Adj_Info_Show                         0x08004b71   Thumb Code   320  touch.o(.text)
    TP_Adjust                                0x08004cb1   Thumb Code  2174  touch.o(.text)
    TP_Init                                  0x0800552f   Thumb Code   148  touch.o(.text)
    delay_init                               0x08005611   Thumb Code    52  delay.o(.text)
    delay_us                                 0x08005645   Thumb Code    72  delay.o(.text)
    delay_xms                                0x0800568d   Thumb Code    72  delay.o(.text)
    delay_ms                                 0x080056d5   Thumb Code    56  delay.o(.text)
    Reset_Handler                            0x08005715   Thumb Code     8  startup_stm32f40_41xxx.o(.text)
    SysTick_Handler                          0x0800572d   Thumb Code     2  startup_stm32f40_41xxx.o(.text)
    ADC_IRQHandler                           0x0800572f   Thumb Code     0  startup_stm32f40_41xxx.o(.text)
    CAN1_RX0_IRQHandler                      0x0800572f   Thumb Code     0  startup_stm32f40_41xxx.o(.text)
    CAN1_RX1_IRQHandler                      0x0800572f   Thumb Code     0  startup_stm32f40_41xxx.o(.text)
    CAN1_SCE_IRQHandler                      0x0800572f   Thumb Code     0  startup_stm32f40_41xxx.o(.text)
    CAN1_TX_IRQHandler                       0x0800572f   Thumb Code     0  startup_stm32f40_41xxx.o(.text)
    CAN2_RX0_IRQHandler                      0x0800572f   Thumb Code     0  startup_stm32f40_41xxx.o(.text)
    CAN2_RX1_IRQHandler                      0x0800572f   Thumb Code     0  startup_stm32f40_41xxx.o(.text)
    CAN2_SCE_IRQHandler                      0x0800572f   Thumb Code     0  startup_stm32f40_41xxx.o(.text)
    CAN2_TX_IRQHandler                       0x0800572f   Thumb Code     0  startup_stm32f40_41xxx.o(.text)
    CRYP_IRQHandler                          0x0800572f   Thumb Code     0  startup_stm32f40_41xxx.o(.text)
    DCMI_IRQHandler                          0x0800572f   Thumb Code     0  startup_stm32f40_41xxx.o(.text)
    DMA1_Stream0_IRQHandler                  0x0800572f   Thumb Code     0  startup_stm32f40_41xxx.o(.text)
    DMA1_Stream1_IRQHandler                  0x0800572f   Thumb Code     0  startup_stm32f40_41xxx.o(.text)
    DMA1_Stream2_IRQHandler                  0x0800572f   Thumb Code     0  startup_stm32f40_41xxx.o(.text)
    DMA1_Stream3_IRQHandler                  0x0800572f   Thumb Code     0  startup_stm32f40_41xxx.o(.text)
    DMA1_Stream4_IRQHandler                  0x0800572f   Thumb Code     0  startup_stm32f40_41xxx.o(.text)
    DMA1_Stream5_IRQHandler                  0x0800572f   Thumb Code     0  startup_stm32f40_41xxx.o(.text)
    DMA1_Stream6_IRQHandler                  0x0800572f   Thumb Code     0  startup_stm32f40_41xxx.o(.text)
    DMA1_Stream7_IRQHandler                  0x0800572f   Thumb Code     0  startup_stm32f40_41xxx.o(.text)
    DMA2_Stream0_IRQHandler                  0x0800572f   Thumb Code     0  startup_stm32f40_41xxx.o(.text)
    DMA2_Stream1_IRQHandler                  0x0800572f   Thumb Code     0  startup_stm32f40_41xxx.o(.text)
    DMA2_Stream2_IRQHandler                  0x0800572f   Thumb Code     0  startup_stm32f40_41xxx.o(.text)
    DMA2_Stream3_IRQHandler                  0x0800572f   Thumb Code     0  startup_stm32f40_41xxx.o(.text)
    DMA2_Stream4_IRQHandler                  0x0800572f   Thumb Code     0  startup_stm32f40_41xxx.o(.text)
    DMA2_Stream5_IRQHandler                  0x0800572f   Thumb Code     0  startup_stm32f40_41xxx.o(.text)
    DMA2_Stream6_IRQHandler                  0x0800572f   Thumb Code     0  startup_stm32f40_41xxx.o(.text)
    DMA2_Stream7_IRQHandler                  0x0800572f   Thumb Code     0  startup_stm32f40_41xxx.o(.text)
    ETH_IRQHandler                           0x0800572f   Thumb Code     0  startup_stm32f40_41xxx.o(.text)
    ETH_WKUP_IRQHandler                      0x0800572f   Thumb Code     0  startup_stm32f40_41xxx.o(.text)
    EXTI0_IRQHandler                         0x0800572f   Thumb Code     0  startup_stm32f40_41xxx.o(.text)
    EXTI15_10_IRQHandler                     0x0800572f   Thumb Code     0  startup_stm32f40_41xxx.o(.text)
    EXTI1_IRQHandler                         0x0800572f   Thumb Code     0  startup_stm32f40_41xxx.o(.text)
    EXTI2_IRQHandler                         0x0800572f   Thumb Code     0  startup_stm32f40_41xxx.o(.text)
    EXTI3_IRQHandler                         0x0800572f   Thumb Code     0  startup_stm32f40_41xxx.o(.text)
    EXTI4_IRQHandler                         0x0800572f   Thumb Code     0  startup_stm32f40_41xxx.o(.text)
    EXTI9_5_IRQHandler                       0x0800572f   Thumb Code     0  startup_stm32f40_41xxx.o(.text)
    FLASH_IRQHandler                         0x0800572f   Thumb Code     0  startup_stm32f40_41xxx.o(.text)
    FPU_IRQHandler                           0x0800572f   Thumb Code     0  startup_stm32f40_41xxx.o(.text)
    FSMC_IRQHandler                          0x0800572f   Thumb Code     0  startup_stm32f40_41xxx.o(.text)
    HASH_RNG_IRQHandler                      0x0800572f   Thumb Code     0  startup_stm32f40_41xxx.o(.text)
    I2C1_ER_IRQHandler                       0x0800572f   Thumb Code     0  startup_stm32f40_41xxx.o(.text)
    I2C1_EV_IRQHandler                       0x0800572f   Thumb Code     0  startup_stm32f40_41xxx.o(.text)
    I2C2_ER_IRQHandler                       0x0800572f   Thumb Code     0  startup_stm32f40_41xxx.o(.text)
    I2C2_EV_IRQHandler                       0x0800572f   Thumb Code     0  startup_stm32f40_41xxx.o(.text)
    I2C3_ER_IRQHandler                       0x0800572f   Thumb Code     0  startup_stm32f40_41xxx.o(.text)
    I2C3_EV_IRQHandler                       0x0800572f   Thumb Code     0  startup_stm32f40_41xxx.o(.text)
    OTG_FS_IRQHandler                        0x0800572f   Thumb Code     0  startup_stm32f40_41xxx.o(.text)
    OTG_FS_WKUP_IRQHandler                   0x0800572f   Thumb Code     0  startup_stm32f40_41xxx.o(.text)
    OTG_HS_EP1_IN_IRQHandler                 0x0800572f   Thumb Code     0  startup_stm32f40_41xxx.o(.text)
    OTG_HS_EP1_OUT_IRQHandler                0x0800572f   Thumb Code     0  startup_stm32f40_41xxx.o(.text)
    OTG_HS_IRQHandler                        0x0800572f   Thumb Code     0  startup_stm32f40_41xxx.o(.text)
    OTG_HS_WKUP_IRQHandler                   0x0800572f   Thumb Code     0  startup_stm32f40_41xxx.o(.text)
    PVD_IRQHandler                           0x0800572f   Thumb Code     0  startup_stm32f40_41xxx.o(.text)
    RCC_IRQHandler                           0x0800572f   Thumb Code     0  startup_stm32f40_41xxx.o(.text)
    RTC_Alarm_IRQHandler                     0x0800572f   Thumb Code     0  startup_stm32f40_41xxx.o(.text)
    RTC_WKUP_IRQHandler                      0x0800572f   Thumb Code     0  startup_stm32f40_41xxx.o(.text)
    SDIO_IRQHandler                          0x0800572f   Thumb Code     0  startup_stm32f40_41xxx.o(.text)
    SPI1_IRQHandler                          0x0800572f   Thumb Code     0  startup_stm32f40_41xxx.o(.text)
    SPI2_IRQHandler                          0x0800572f   Thumb Code     0  startup_stm32f40_41xxx.o(.text)
    SPI3_IRQHandler                          0x0800572f   Thumb Code     0  startup_stm32f40_41xxx.o(.text)
    TAMP_STAMP_IRQHandler                    0x0800572f   Thumb Code     0  startup_stm32f40_41xxx.o(.text)
    TIM1_BRK_TIM9_IRQHandler                 0x0800572f   Thumb Code     0  startup_stm32f40_41xxx.o(.text)
    TIM1_CC_IRQHandler                       0x0800572f   Thumb Code     0  startup_stm32f40_41xxx.o(.text)
    TIM1_TRG_COM_TIM11_IRQHandler            0x0800572f   Thumb Code     0  startup_stm32f40_41xxx.o(.text)
    TIM1_UP_TIM10_IRQHandler                 0x0800572f   Thumb Code     0  startup_stm32f40_41xxx.o(.text)
    TIM3_IRQHandler                          0x0800572f   Thumb Code     0  startup_stm32f40_41xxx.o(.text)
    TIM4_IRQHandler                          0x0800572f   Thumb Code     0  startup_stm32f40_41xxx.o(.text)
    TIM5_IRQHandler                          0x0800572f   Thumb Code     0  startup_stm32f40_41xxx.o(.text)
    TIM6_DAC_IRQHandler                      0x0800572f   Thumb Code     0  startup_stm32f40_41xxx.o(.text)
    TIM7_IRQHandler                          0x0800572f   Thumb Code     0  startup_stm32f40_41xxx.o(.text)
    TIM8_BRK_TIM12_IRQHandler                0x0800572f   Thumb Code     0  startup_stm32f40_41xxx.o(.text)
    TIM8_CC_IRQHandler                       0x0800572f   Thumb Code     0  startup_stm32f40_41xxx.o(.text)
    TIM8_TRG_COM_TIM14_IRQHandler            0x0800572f   Thumb Code     0  startup_stm32f40_41xxx.o(.text)
    TIM8_UP_TIM13_IRQHandler                 0x0800572f   Thumb Code     0  startup_stm32f40_41xxx.o(.text)
    UART4_IRQHandler                         0x0800572f   Thumb Code     0  startup_stm32f40_41xxx.o(.text)
    UART5_IRQHandler                         0x0800572f   Thumb Code     0  startup_stm32f40_41xxx.o(.text)
    USART1_IRQHandler                        0x0800572f   Thumb Code     0  startup_stm32f40_41xxx.o(.text)
    USART2_IRQHandler                        0x0800572f   Thumb Code     0  startup_stm32f40_41xxx.o(.text)
    USART3_IRQHandler                        0x0800572f   Thumb Code     0  startup_stm32f40_41xxx.o(.text)
    USART6_IRQHandler                        0x0800572f   Thumb Code     0  startup_stm32f40_41xxx.o(.text)
    WWDG_IRQHandler                          0x0800572f   Thumb Code     0  startup_stm32f40_41xxx.o(.text)
    __user_initial_stackheap                 0x08005731   Thumb Code     0  startup_stm32f40_41xxx.o(.text)
    NVIC_PriorityGroupConfig                 0x08005755   Thumb Code    10  misc.o(.text)
    NVIC_Init                                0x0800575f   Thumb Code   106  misc.o(.text)
    NVIC_SetVectorTable                      0x080057c9   Thumb Code    14  misc.o(.text)
    NVIC_SystemLPConfig                      0x080057d7   Thumb Code    34  misc.o(.text)
    SysTick_CLKSourceConfig                  0x080057f9   Thumb Code    40  misc.o(.text)
    GPIO_DeInit                              0x08005835   Thumb Code   268  stm32f4xx_gpio.o(.text)
    GPIO_Init                                0x08005941   Thumb Code   144  stm32f4xx_gpio.o(.text)
    GPIO_StructInit                          0x080059d1   Thumb Code    18  stm32f4xx_gpio.o(.text)
    GPIO_PinLockConfig                       0x080059e3   Thumb Code    34  stm32f4xx_gpio.o(.text)
    GPIO_ReadInputDataBit                    0x08005a05   Thumb Code    18  stm32f4xx_gpio.o(.text)
    GPIO_ReadInputData                       0x08005a17   Thumb Code     8  stm32f4xx_gpio.o(.text)
    GPIO_ReadOutputDataBit                   0x08005a1f   Thumb Code    18  stm32f4xx_gpio.o(.text)
    GPIO_ReadOutputData                      0x08005a31   Thumb Code     8  stm32f4xx_gpio.o(.text)
    GPIO_SetBits                             0x08005a39   Thumb Code     4  stm32f4xx_gpio.o(.text)
    GPIO_ResetBits                           0x08005a3d   Thumb Code     4  stm32f4xx_gpio.o(.text)
    GPIO_WriteBit                            0x08005a41   Thumb Code    10  stm32f4xx_gpio.o(.text)
    GPIO_Write                               0x08005a4b   Thumb Code     4  stm32f4xx_gpio.o(.text)
    GPIO_ToggleBits                          0x08005a4f   Thumb Code     8  stm32f4xx_gpio.o(.text)
    GPIO_PinAFConfig                         0x08005a57   Thumb Code    70  stm32f4xx_gpio.o(.text)
    FSMC_NORSRAMDeInit                       0x08005ac9   Thumb Code    54  stm32f4xx_fsmc.o(.text)
    FSMC_NORSRAMInit                         0x08005aff   Thumb Code   230  stm32f4xx_fsmc.o(.text)
    FSMC_NORSRAMStructInit                   0x08005be5   Thumb Code    48  stm32f4xx_fsmc.o(.text)
    FSMC_NORSRAMCmd                          0x08005c15   Thumb Code    46  stm32f4xx_fsmc.o(.text)
    FSMC_NANDDeInit                          0x08005c43   Thumb Code    62  stm32f4xx_fsmc.o(.text)
    FSMC_NANDInit                            0x08005c81   Thumb Code   132  stm32f4xx_fsmc.o(.text)
    FSMC_NANDStructInit                      0x08005d05   Thumb Code    54  stm32f4xx_fsmc.o(.text)
    FSMC_NANDCmd                             0x08005d3b   Thumb Code    86  stm32f4xx_fsmc.o(.text)
    FSMC_NANDECCCmd                          0x08005d91   Thumb Code    86  stm32f4xx_fsmc.o(.text)
    FSMC_GetECC                              0x08005de7   Thumb Code    24  stm32f4xx_fsmc.o(.text)
    FSMC_PCCARDDeInit                        0x08005dff   Thumb Code    36  stm32f4xx_fsmc.o(.text)
    FSMC_PCCARDInit                          0x08005e23   Thumb Code   130  stm32f4xx_fsmc.o(.text)
    FSMC_PCCARDStructInit                    0x08005ea5   Thumb Code    60  stm32f4xx_fsmc.o(.text)
    FSMC_PCCARDCmd                           0x08005ee1   Thumb Code    44  stm32f4xx_fsmc.o(.text)
    FSMC_ITConfig                            0x08005f0d   Thumb Code   128  stm32f4xx_fsmc.o(.text)
    FSMC_GetFlagStatus                       0x08005f8d   Thumb Code    54  stm32f4xx_fsmc.o(.text)
    FSMC_ClearFlag                           0x08005fc3   Thumb Code    74  stm32f4xx_fsmc.o(.text)
    FSMC_GetITStatus                         0x0800600d   Thumb Code    62  stm32f4xx_fsmc.o(.text)
    FSMC_ClearITPendingBit                   0x0800604b   Thumb Code    66  stm32f4xx_fsmc.o(.text)
    RCC_DeInit                               0x08006091   Thumb Code    82  stm32f4xx_rcc.o(.text)
    RCC_HSEConfig                            0x080060e3   Thumb Code    14  stm32f4xx_rcc.o(.text)
    RCC_GetFlagStatus                        0x080060f1   Thumb Code    60  stm32f4xx_rcc.o(.text)
    RCC_WaitForHSEStartUp                    0x0800612d   Thumb Code    56  stm32f4xx_rcc.o(.text)
    RCC_AdjustHSICalibrationValue            0x08006165   Thumb Code    20  stm32f4xx_rcc.o(.text)
    RCC_HSICmd                               0x08006179   Thumb Code     6  stm32f4xx_rcc.o(.text)
    RCC_LSEConfig                            0x0800617f   Thumb Code    46  stm32f4xx_rcc.o(.text)
    RCC_LSICmd                               0x080061ad   Thumb Code     6  stm32f4xx_rcc.o(.text)
    RCC_PLLConfig                            0x080061b3   Thumb Code    32  stm32f4xx_rcc.o(.text)
    RCC_PLLCmd                               0x080061d3   Thumb Code     6  stm32f4xx_rcc.o(.text)
    RCC_PLLI2SConfig                         0x080061d9   Thumb Code    14  stm32f4xx_rcc.o(.text)
    RCC_PLLI2SCmd                            0x080061e7   Thumb Code     6  stm32f4xx_rcc.o(.text)
    RCC_PLLSAIConfig                         0x080061ed   Thumb Code    20  stm32f4xx_rcc.o(.text)
    RCC_PLLSAICmd                            0x08006201   Thumb Code     6  stm32f4xx_rcc.o(.text)
    RCC_ClockSecuritySystemCmd               0x08006207   Thumb Code     6  stm32f4xx_rcc.o(.text)
    RCC_MCO1Config                           0x0800620d   Thumb Code    28  stm32f4xx_rcc.o(.text)
    RCC_MCO2Config                           0x08006229   Thumb Code    28  stm32f4xx_rcc.o(.text)
    RCC_SYSCLKConfig                         0x08006245   Thumb Code    20  stm32f4xx_rcc.o(.text)
    RCC_GetSYSCLKSource                      0x08006259   Thumb Code    12  stm32f4xx_rcc.o(.text)
    RCC_HCLKConfig                           0x08006265   Thumb Code    20  stm32f4xx_rcc.o(.text)
    RCC_PCLK1Config                          0x08006279   Thumb Code    20  stm32f4xx_rcc.o(.text)
    RCC_PCLK2Config                          0x0800628d   Thumb Code    22  stm32f4xx_rcc.o(.text)
    RCC_GetClocksFreq                        0x080062a3   Thumb Code   222  stm32f4xx_rcc.o(.text)
    RCC_RTCCLKConfig                         0x08006381   Thumb Code    54  stm32f4xx_rcc.o(.text)
    RCC_RTCCLKCmd                            0x080063b7   Thumb Code     8  stm32f4xx_rcc.o(.text)
    RCC_BackupResetCmd                       0x080063bf   Thumb Code     8  stm32f4xx_rcc.o(.text)
    RCC_I2SCLKConfig                         0x080063c7   Thumb Code     6  stm32f4xx_rcc.o(.text)
    RCC_SAIPLLI2SClkDivConfig                0x080063cd   Thumb Code    26  stm32f4xx_rcc.o(.text)
    RCC_SAIPLLSAIClkDivConfig                0x080063e7   Thumb Code    28  stm32f4xx_rcc.o(.text)
    RCC_SAIBlockACLKConfig                   0x08006403   Thumb Code    20  stm32f4xx_rcc.o(.text)
    RCC_SAIBlockBCLKConfig                   0x08006417   Thumb Code    20  stm32f4xx_rcc.o(.text)
    RCC_LTDCCLKDivConfig                     0x0800642b   Thumb Code    20  stm32f4xx_rcc.o(.text)
    RCC_TIMCLKPresConfig                     0x0800643f   Thumb Code     6  stm32f4xx_rcc.o(.text)
    RCC_AHB1PeriphClockCmd                   0x08006445   Thumb Code    34  stm32f4xx_rcc.o(.text)
    RCC_AHB2PeriphClockCmd                   0x08006467   Thumb Code    78  stm32f4xx_rcc.o(.text)
    RCC_AHB3PeriphClockCmd                   0x080064b5   Thumb Code    34  stm32f4xx_rcc.o(.text)
    RCC_APB1PeriphClockCmd                   0x080064d7   Thumb Code    34  stm32f4xx_rcc.o(.text)
    RCC_APB2PeriphClockCmd                   0x080064f9   Thumb Code    34  stm32f4xx_rcc.o(.text)
    RCC_AHB1PeriphResetCmd                   0x0800651b   Thumb Code    34  stm32f4xx_rcc.o(.text)
    RCC_AHB2PeriphResetCmd                   0x0800653d   Thumb Code    34  stm32f4xx_rcc.o(.text)
    RCC_AHB3PeriphResetCmd                   0x0800655f   Thumb Code    34  stm32f4xx_rcc.o(.text)
    RCC_APB1PeriphResetCmd                   0x08006581   Thumb Code    34  stm32f4xx_rcc.o(.text)
    RCC_APB2PeriphResetCmd                   0x080065a3   Thumb Code    34  stm32f4xx_rcc.o(.text)
    RCC_AHB1PeriphClockLPModeCmd             0x080065c5   Thumb Code    34  stm32f4xx_rcc.o(.text)
    RCC_AHB2PeriphClockLPModeCmd             0x080065e7   Thumb Code    34  stm32f4xx_rcc.o(.text)
    RCC_AHB3PeriphClockLPModeCmd             0x08006609   Thumb Code    34  stm32f4xx_rcc.o(.text)
    RCC_APB1PeriphClockLPModeCmd             0x0800662b   Thumb Code    34  stm32f4xx_rcc.o(.text)
    RCC_APB2PeriphClockLPModeCmd             0x0800664d   Thumb Code    34  stm32f4xx_rcc.o(.text)
    RCC_LSEModeConfig                        0x0800666f   Thumb Code    40  stm32f4xx_rcc.o(.text)
    RCC_ITConfig                             0x08006697   Thumb Code    34  stm32f4xx_rcc.o(.text)
    RCC_ClearFlag                            0x080066b9   Thumb Code    18  stm32f4xx_rcc.o(.text)
    RCC_GetITStatus                          0x080066cb   Thumb Code    22  stm32f4xx_rcc.o(.text)
    RCC_ClearITPendingBit                    0x080066e1   Thumb Code     8  stm32f4xx_rcc.o(.text)
    malloc                                   0x080066ed   Thumb Code    94  h1_alloc.o(.text)
    free                                     0x0800674b   Thumb Code    78  h1_free.o(.text)
    __2sprintf                               0x08006799   Thumb Code    34  noretval__2sprintf.o(.text)
    _printf_pre_padding                      0x080067c1   Thumb Code    44  _printf_pad.o(.text)
    _printf_post_padding                     0x080067ed   Thumb Code    34  _printf_pad.o(.text)
    __printf                                 0x08006811   Thumb Code   308  __printf_flags_wp.o(.text)
    strlen                                   0x08006949   Thumb Code    62  strlen.o(.text)
    __use_two_region_memory                  0x08006987   Thumb Code     2  heapauxi.o(.text)
    __rt_heap_escrow                         0x08006989   Thumb Code     2  heapauxi.o(.text)
    __rt_heap_expand                         0x0800698b   Thumb Code     2  heapauxi.o(.text)
    __rt_heap_descriptor                     0x0800698d   Thumb Code     8  rt_heap_descriptor_intlibspace.o(.text)
    __use_no_heap                            0x08006995   Thumb Code     2  hguard.o(.text)
    __heap$guard                             0x08006997   Thumb Code     2  hguard.o(.text)
    _terminate_user_alloc                    0x08006999   Thumb Code     2  init_alloc.o(.text)
    _init_user_alloc                         0x0800699b   Thumb Code     2  init_alloc.o(.text)
    __Heap_Full                              0x0800699d   Thumb Code    34  init_alloc.o(.text)
    __Heap_Broken                            0x080069bf   Thumb Code     6  init_alloc.o(.text)
    _init_alloc                              0x080069c5   Thumb Code    94  init_alloc.o(.text)
    __Heap_Initialize                        0x08006a23   Thumb Code    10  h1_init.o(.text)
    __Heap_DescSize                          0x08006a2d   Thumb Code     4  h1_init.o(.text)
    __read_errno                             0x08006a31   Thumb Code    10  _rserrno.o(.text)
    __set_errno                              0x08006a3b   Thumb Code    12  _rserrno.o(.text)
    __lib_sel_fp_printf                      0x08006a47   Thumb Code     2  _printf_fp_dec.o(.text)
    _printf_fp_dec_real                      0x08006bf9   Thumb Code   620  _printf_fp_dec.o(.text)
    _printf_char_common                      0x08006e6f   Thumb Code    32  _printf_char_common.o(.text)
    _sputc                                   0x08006e95   Thumb Code    10  _sputc.o(.text)
    __user_libspace                          0x08006ea1   Thumb Code     8  libspace.o(.text)
    __user_perproc_libspace                  0x08006ea1   Thumb Code     0  libspace.o(.text)
    __user_perthread_libspace                0x08006ea1   Thumb Code     0  libspace.o(.text)
    __rt_locale                              0x08006ea9   Thumb Code     8  rt_locale_intlibspace.o(.text)
    __aeabi_errno_addr                       0x08006eb1   Thumb Code     8  rt_errno_addr_intlibspace.o(.text)
    __errno$intlibspace                      0x08006eb1   Thumb Code     0  rt_errno_addr_intlibspace.o(.text)
    __rt_errno_addr$intlibspace              0x08006eb1   Thumb Code     0  rt_errno_addr_intlibspace.o(.text)
    __Heap_ProvideMemory                     0x08006eb9   Thumb Code    52  h1_extend.o(.text)
    _ll_udiv10                               0x08006eed   Thumb Code   138  lludiv10.o(.text)
    _printf_fp_infnan                        0x08006f79   Thumb Code   112  _printf_fp_infnan.o(.text)
    _btod_etento                             0x08006ff9   Thumb Code   224  bigflt0.o(.text)
    __rt_SIGRTMEM                            0x080070dd   Thumb Code    14  defsig_rtmem_outer.o(.text)
    __I$use$semihosting                      0x080070eb   Thumb Code     0  use_no_semi.o(.text)
    __use_no_semihosting_swi                 0x080070eb   Thumb Code     2  use_no_semi.o(.text)
    __semihosting_library_function           0x080070ed   Thumb Code     0  indicate_semi.o(.text)
    __user_setup_stackheap                   0x080070ed   Thumb Code    74  sys_stackheap_outer.o(.text)
    exit                                     0x08007137   Thumb Code    18  exit.o(.text)
    __sig_exit                               0x08007149   Thumb Code    10  defsig_exit.o(.text)
    __rt_SIGRTMEM_inner                      0x08007155   Thumb Code    22  defsig_rtmem_inner.o(.text)
    strcmp                                   0x080071a5   Thumb Code   128  strcmpv7m.o(.text)
    _sys_exit                                0x08007225   Thumb Code     8  sys_exit.o(.text)
    __default_signal_display                 0x08007231   Thumb Code    50  defsig_general.o(.text)
    _ttywrch                                 0x08007263   Thumb Code    14  sys_wrch.o(.text)
    _btod_d2e                                0x08007271   Thumb Code    62  btod.o(CL$$btod_d2e)
    _d2e_denorm_low                          0x080072af   Thumb Code    70  btod.o(CL$$btod_d2e_denorm_low)
    _d2e_norm_op1                            0x080072f5   Thumb Code    96  btod.o(CL$$btod_d2e_norm_op1)
    __btod_div_common                        0x08007355   Thumb Code   696  btod.o(CL$$btod_div_common)
    _e2e                                     0x0800768d   Thumb Code   220  btod.o(CL$$btod_e2e)
    _btod_ediv                               0x08007769   Thumb Code    42  btod.o(CL$$btod_ediv)
    _btod_emul                               0x08007793   Thumb Code    42  btod.o(CL$$btod_emul)
    __btod_mult_common                       0x080077bd   Thumb Code   580  btod.o(CL$$btod_mult_common)
    __ARM_fpclassify                         0x08007a01   Thumb Code    48  fpclassify.o(i.__ARM_fpclassify)
    __hardfp_sqrt                            0x08007a31   Thumb Code   122  sqrt.o(i.__hardfp_sqrt)
    _is_digit                                0x08007aab   Thumb Code    14  __printf_wp.o(i._is_digit)
    _get_lc_numeric                          0x08007ab9   Thumb Code    44  lc_numeric_c.o(locale$$code)
    __aeabi_d2f                              0x08007ae5   Thumb Code     0  d2f.o(x$fpl$d2f)
    _d2f                                     0x08007ae5   Thumb Code    98  d2f.o(x$fpl$d2f)
    __aeabi_dadd                             0x08007b49   Thumb Code     0  daddsub_clz.o(x$fpl$dadd)
    _dadd                                    0x08007b49   Thumb Code   332  daddsub_clz.o(x$fpl$dadd)
    __fpl_dcmp_Inf                           0x08007c99   Thumb Code    24  dcmpi.o(x$fpl$dcmpinf)
    __aeabi_ddiv                             0x08007cb1   Thumb Code     0  ddiv.o(x$fpl$ddiv)
    _ddiv                                    0x08007cb1   Thumb Code   552  ddiv.o(x$fpl$ddiv)
    __aeabi_cdcmpeq                          0x08007f61   Thumb Code     0  deqf.o(x$fpl$deqf)
    _dcmpeq                                  0x08007f61   Thumb Code   120  deqf.o(x$fpl$deqf)
    __aeabi_d2uiz                            0x08007fd9   Thumb Code     0  dfixu.o(x$fpl$dfixu)
    _dfixu                                   0x08007fd9   Thumb Code    90  dfixu.o(x$fpl$dfixu)
    __aeabi_ui2d                             0x08008033   Thumb Code     0  dflt_clz.o(x$fpl$dfltu)
    _dfltu                                   0x08008033   Thumb Code    38  dflt_clz.o(x$fpl$dfltu)
    __aeabi_cdcmple                          0x08008059   Thumb Code     0  dleqf.o(x$fpl$dleqf)
    _dcmple                                  0x08008059   Thumb Code   120  dleqf.o(x$fpl$dleqf)
    __fpl_dcmple_InfNaN                      0x080080bb   Thumb Code     0  dleqf.o(x$fpl$dleqf)
    __aeabi_dmul                             0x080080d1   Thumb Code     0  dmul.o(x$fpl$dmul)
    _dmul                                    0x080080d1   Thumb Code   332  dmul.o(x$fpl$dmul)
    __fpl_dnaninf                            0x08008225   Thumb Code   156  dnaninf.o(x$fpl$dnaninf)
    __fpl_dretinf                            0x080082c1   Thumb Code    12  dretinf.o(x$fpl$dretinf)
    __aeabi_cdrcmple                         0x080082cd   Thumb Code     0  drleqf.o(x$fpl$drleqf)
    _drcmple                                 0x080082cd   Thumb Code   108  drleqf.o(x$fpl$drleqf)
    _dsqrt                                   0x08008339   Thumb Code   404  dsqrt_umaal.o(x$fpl$dsqrt)
    __aeabi_dsub                             0x080084d1   Thumb Code     0  daddsub_clz.o(x$fpl$dsub)
    _dsub                                    0x080084d1   Thumb Code   464  daddsub_clz.o(x$fpl$dsub)
    __aeabi_f2d                              0x080086a5   Thumb Code     0  f2d.o(x$fpl$f2d)
    _f2d                                     0x080086a5   Thumb Code    86  f2d.o(x$fpl$f2d)
    __fpl_fnaninf                            0x080086fb   Thumb Code   140  fnaninf.o(x$fpl$fnaninf)
    _fp_init                                 0x08008787   Thumb Code    10  fpinit.o(x$fpl$fpinit)
    __fplib_config_fpu_vfp                   0x0800878f   Thumb Code     0  fpinit.o(x$fpl$fpinit)
    __fplib_config_pureend_doubles           0x0800878f   Thumb Code     0  fpinit.o(x$fpl$fpinit)
    __fpl_fretinf                            0x08008791   Thumb Code    10  fretinf.o(x$fpl$fretinf)
    _printf_fp_dec                           0x0800879b   Thumb Code     4  printf1.o(x$fpl$printf1)
    __I$use$fp                               0x0800879e   Number         0  usenofp.o(x$fpl$usenofp)
    asc2_1206                                0x0800879e   Data        1140  gui.o(.constdata)
    asc2_1608                                0x08008c12   Data        1520  gui.o(.constdata)
    tfont16                                  0x08009202   Data        2244  gui.o(.constdata)
    tfont24                                  0x08009ac6   Data         518  gui.o(.constdata)
    tfont32                                  0x08009ccc   Data         520  gui.o(.constdata)
    gImage_FORWARDTRUE                       0x08009ed4   Data        9660  temperaturetest.o(.constdata)
    gImage_qq_logo                           0x0800c490   Data        9800  temperaturetest.o(.constdata)
    gImage_home33s                           0x0800ead8   Data        9800  temperaturetest.o(.constdata)
    gImage_reverse32s                        0x08011120   Data        9800  temperaturetest.o(.constdata)
    gImage_run33s                            0x08013768   Data        9800  temperaturetest.o(.constdata)
    gImage_stop33s                           0x08015db0   Data        9660  temperaturetest.o(.constdata)
    gImage_temp33s                           0x0801836c   Data        9800  temperaturetest.o(.constdata)
    gImage_bachupp                           0x0801a9b4   Data        9668  temperaturetest.o(.constdata)
    gImage_UPOEEE                            0x0801cf78   Data        9808  temperaturetest.o(.constdata)
    gImage_enterbutton                       0x0801f5c8   Data        9808  temperaturetest.o(.constdata)
    FSMC_DefaultTimingStruct                 0x08021c18   Data          28  stm32f4xx_fsmc.o(.constdata)
    Region$$Table$$Base                      0x08021d58   Number         0  anon$$obj.o(Region$$Table)
    Region$$Table$$Limit                     0x08021d78   Number         0  anon$$obj.o(Region$$Table)
    SystemCoreClock                          0x20000000   Data           4  system_stm32f4xx.o(.data)
    AHBPrescTable                            0x20000004   Data          16  system_stm32f4xx.o(.data)
    TM_TimingDelay                           0x20000014   Data           4  tm_stm32f4_delay.o(.data)
    TM_Time                                  0x20000018   Data           4  tm_stm32f4_delay.o(.data)
    TM_Time2                                 0x2000001c   Data           4  tm_stm32f4_delay.o(.data)
    mult                                     0x20000020   Data           4  tm_stm32f4_delay.o(.data)
    TM_DELAY_Initialized                     0x20000024   Data           1  tm_stm32f4_delay.o(.data)
    gpio                                     0x20000028   Data           4  max31865.o(.data)
    POINT_COLOR                              0x2000002c   Data           2  lcd.o(.data)
    BACK_COLOR                               0x2000002e   Data           2  lcd.o(.data)
    DeviceCode                               0x20000030   Data           2  lcd.o(.data)
    tp_dev                                   0x20000034   Data          40  touch.o(.data)
    CMD_RDX                                  0x2000005c   Data           1  touch.o(.data)
    CMD_RDY                                  0x2000005d   Data           1  touch.o(.data)
    TP_REMIND_MSG_TBL                        0x20000060   Data           4  touch.o(.data)
    lcddev                                   0x20000090   Data          16  lcd.o(.bss)
    __libspace_start                         0x200000a0   Data          96  libspace.o(.bss)
    __temporary_stack_top$libspace           0x20000100   Data           0  libspace.o(.bss)



==============================================================================

Memory Map of the image

  Image Entry point : 0x08000189

  Load Region LR_IROM1 (Base: 0x08000000, Size: 0x00021e0c, Max: 0x00100000, ABSOLUTE)

    Execution Region ER_IROM1 (Exec base: 0x08000000, Load base: 0x08000000, Size: 0x00021d94, Max: 0x00100000, ABSOLUTE)

    Exec Addr    Load Addr    Size         Type   Attr      Idx    E Section Name        Object

    0x08000000   0x08000000   0x00000188   Data   RO          635    RESET               startup_stm32f40_41xxx.o
    0x08000188   0x08000188   0x00000008   Code   RO          907  * !!!main             c_w.l(__main.o)
    0x08000190   0x08000190   0x00000034   Code   RO         1230    !!!scatter          c_w.l(__scatter.o)
    0x080001c4   0x080001c4   0x0000001a   Code   RO         1232    !!handler_copy      c_w.l(__scatter_copy.o)
    0x080001de   0x080001de   0x00000002   PAD
    0x080001e0   0x080001e0   0x0000001c   Code   RO         1234    !!handler_zi        c_w.l(__scatter_zi.o)
    0x080001fc   0x080001fc   0x00000000   Code   RO          900    .ARM.Collect$$_printf_percent$$00000000  c_w.l(_printf_percent.o)
    0x080001fc   0x080001fc   0x00000006   Code   RO          899    .ARM.Collect$$_printf_percent$$00000003  c_w.l(_printf_f.o)
    0x08000202   0x08000202   0x00000004   Code   RO          993    .ARM.Collect$$_printf_percent$$00000017  c_w.l(_printf_percent_end.o)
    0x08000206   0x08000206   0x00000002   Code   RO         1169    .ARM.Collect$$libinit$$00000000  c_w.l(libinit.o)
    0x08000208   0x08000208   0x00000004   Code   RO          998    .ARM.Collect$$libinit$$00000001  c_w.l(libinit2.o)
    0x0800020c   0x0800020c   0x00000000   Code   RO         1001    .ARM.Collect$$libinit$$00000004  c_w.l(libinit2.o)
    0x0800020c   0x0800020c   0x00000008   Code   RO         1002    .ARM.Collect$$libinit$$00000005  c_w.l(libinit2.o)
    0x08000214   0x08000214   0x00000000   Code   RO         1004    .ARM.Collect$$libinit$$0000000A  c_w.l(libinit2.o)
    0x08000214   0x08000214   0x00000000   Code   RO         1006    .ARM.Collect$$libinit$$0000000C  c_w.l(libinit2.o)
    0x08000214   0x08000214   0x00000000   Code   RO         1008    .ARM.Collect$$libinit$$0000000E  c_w.l(libinit2.o)
    0x08000214   0x08000214   0x00000006   Code   RO         1009    .ARM.Collect$$libinit$$0000000F  c_w.l(libinit2.o)
    0x0800021a   0x0800021a   0x00000000   Code   RO         1011    .ARM.Collect$$libinit$$00000011  c_w.l(libinit2.o)
    0x0800021a   0x0800021a   0x00000000   Code   RO         1013    .ARM.Collect$$libinit$$00000013  c_w.l(libinit2.o)
    0x0800021a   0x0800021a   0x00000000   Code   RO         1015    .ARM.Collect$$libinit$$00000015  c_w.l(libinit2.o)
    0x0800021a   0x0800021a   0x0000000a   Code   RO         1016    .ARM.Collect$$libinit$$00000016  c_w.l(libinit2.o)
    0x08000224   0x08000224   0x00000000   Code   RO         1017    .ARM.Collect$$libinit$$00000017  c_w.l(libinit2.o)
    0x08000224   0x08000224   0x00000000   Code   RO         1019    .ARM.Collect$$libinit$$00000019  c_w.l(libinit2.o)
    0x08000224   0x08000224   0x00000000   Code   RO         1021    .ARM.Collect$$libinit$$0000001B  c_w.l(libinit2.o)
    0x08000224   0x08000224   0x00000000   Code   RO         1023    .ARM.Collect$$libinit$$0000001D  c_w.l(libinit2.o)
    0x08000224   0x08000224   0x00000000   Code   RO         1025    .ARM.Collect$$libinit$$0000001F  c_w.l(libinit2.o)
    0x08000224   0x08000224   0x00000000   Code   RO         1027    .ARM.Collect$$libinit$$00000021  c_w.l(libinit2.o)
    0x08000224   0x08000224   0x00000000   Code   RO         1029    .ARM.Collect$$libinit$$00000023  c_w.l(libinit2.o)
    0x08000224   0x08000224   0x00000000   Code   RO         1031    .ARM.Collect$$libinit$$00000025  c_w.l(libinit2.o)
    0x08000224   0x08000224   0x00000000   Code   RO         1035    .ARM.Collect$$libinit$$0000002C  c_w.l(libinit2.o)
    0x08000224   0x08000224   0x00000000   Code   RO         1037    .ARM.Collect$$libinit$$0000002E  c_w.l(libinit2.o)
    0x08000224   0x08000224   0x00000000   Code   RO         1039    .ARM.Collect$$libinit$$00000030  c_w.l(libinit2.o)
    0x08000224   0x08000224   0x00000000   Code   RO         1041    .ARM.Collect$$libinit$$00000032  c_w.l(libinit2.o)
    0x08000224   0x08000224   0x00000002   Code   RO         1042    .ARM.Collect$$libinit$$00000033  c_w.l(libinit2.o)
    0x08000226   0x08000226   0x00000002   Code   RO         1227    .ARM.Collect$$libshutdown$$00000000  c_w.l(libshutdown.o)
    0x08000228   0x08000228   0x00000000   Code   RO         1183    .ARM.Collect$$libshutdown$$00000002  c_w.l(libshutdown2.o)
    0x08000228   0x08000228   0x00000000   Code   RO         1185    .ARM.Collect$$libshutdown$$00000004  c_w.l(libshutdown2.o)
    0x08000228   0x08000228   0x00000000   Code   RO         1188    .ARM.Collect$$libshutdown$$00000007  c_w.l(libshutdown2.o)
    0x08000228   0x08000228   0x00000000   Code   RO         1191    .ARM.Collect$$libshutdown$$0000000A  c_w.l(libshutdown2.o)
    0x08000228   0x08000228   0x00000000   Code   RO         1193    .ARM.Collect$$libshutdown$$0000000C  c_w.l(libshutdown2.o)
    0x08000228   0x08000228   0x00000000   Code   RO         1196    .ARM.Collect$$libshutdown$$0000000F  c_w.l(libshutdown2.o)
    0x08000228   0x08000228   0x00000002   Code   RO         1197    .ARM.Collect$$libshutdown$$00000010  c_w.l(libshutdown2.o)
    0x0800022a   0x0800022a   0x00000000   Code   RO          957    .ARM.Collect$$rtentry$$00000000  c_w.l(__rtentry.o)
    0x0800022a   0x0800022a   0x00000000   Code   RO         1062    .ARM.Collect$$rtentry$$00000002  c_w.l(__rtentry2.o)
    0x0800022a   0x0800022a   0x00000006   Code   RO         1074    .ARM.Collect$$rtentry$$00000004  c_w.l(__rtentry4.o)
    0x08000230   0x08000230   0x00000000   Code   RO         1064    .ARM.Collect$$rtentry$$00000009  c_w.l(__rtentry2.o)
    0x08000230   0x08000230   0x00000004   Code   RO         1065    .ARM.Collect$$rtentry$$0000000A  c_w.l(__rtentry2.o)
    0x08000234   0x08000234   0x00000000   Code   RO         1067    .ARM.Collect$$rtentry$$0000000C  c_w.l(__rtentry2.o)
    0x08000234   0x08000234   0x00000008   Code   RO         1068    .ARM.Collect$$rtentry$$0000000D  c_w.l(__rtentry2.o)
    0x0800023c   0x0800023c   0x00000002   Code   RO         1172    .ARM.Collect$$rtexit$$00000000  c_w.l(rtexit.o)
    0x0800023e   0x0800023e   0x00000000   Code   RO         1201    .ARM.Collect$$rtexit$$00000002  c_w.l(rtexit2.o)
    0x0800023e   0x0800023e   0x00000004   Code   RO         1202    .ARM.Collect$$rtexit$$00000003  c_w.l(rtexit2.o)
    0x08000242   0x08000242   0x00000006   Code   RO         1203    .ARM.Collect$$rtexit$$00000004  c_w.l(rtexit2.o)
    0x08000248   0x08000248   0x00000000   Code   RO         1088    .emb_text           c_w.l(maybetermalloc1.o)
    0x08000248   0x08000248   0x00000088   Code   RO            3    .text               main.o
    0x080002d0   0x080002d0   0x00000d7c   Code   RO          166    .text               gui.o
    0x0800104c   0x0800104c   0x00000018   Code   RO          195    .text               stm32f4xx_it.o
    0x08001064   0x08001064   0x00000210   Code   RO          218    .text               system_stm32f4xx.o
    0x08001274   0x08001274   0x000013d4   Code   RO          282    .text               temperaturetest.o
    0x08002648   0x08002648   0x00000298   Code   RO          367    .text               tm_stm32f4_delay.o
    0x080028e0   0x080028e0   0x00000370   Code   RO          397    .text               tm_stm32f4_timer_properties.o
    0x08002c50   0x08002c50   0x00000ca2   Code   RO          417    .text               stm32f4xx_tim.o
    0x080038f2   0x080038f2   0x00000002   PAD
    0x080038f4   0x080038f4   0x00000340   Code   RO          437    .text               max31865.o
    0x08003c34   0x08003c34   0x0000017a   Code   RO          460    .text               24cxx.o
    0x08003dae   0x08003dae   0x00000002   PAD
    0x08003db0   0x08003db0   0x0000025c   Code   RO          480    .text               myiic.o
    0x0800400c   0x0800400c   0x0000066c   Code   RO          521    .text               lcd.o
    0x08004678   0x08004678   0x00000f98   Code   RO          568    .text               touch.o
    0x08005610   0x08005610   0x00000104   Code   RO          595    .text               delay.o
    0x08005714   0x08005714   0x00000040   Code   RO          636    .text               startup_stm32f40_41xxx.o
    0x08005754   0x08005754   0x000000e0   Code   RO          642    .text               misc.o
    0x08005834   0x08005834   0x00000294   Code   RO          662    .text               stm32f4xx_gpio.o
    0x08005ac8   0x08005ac8   0x000005c8   Code   RO          682    .text               stm32f4xx_fsmc.o
    0x08006090   0x08006090   0x0000065c   Code   RO          705    .text               stm32f4xx_rcc.o
    0x080066ec   0x080066ec   0x0000005e   Code   RO          791    .text               c_w.l(h1_alloc.o)
    0x0800674a   0x0800674a   0x0000004e   Code   RO          793    .text               c_w.l(h1_free.o)
    0x08006798   0x08006798   0x00000028   Code   RO          851    .text               c_w.l(noretval__2sprintf.o)
    0x080067c0   0x080067c0   0x0000004e   Code   RO          855    .text               c_w.l(_printf_pad.o)
    0x0800680e   0x0800680e   0x00000002   PAD
    0x08006810   0x08006810   0x00000138   Code   RO          890    .text               c_w.l(__printf_flags_wp.o)
    0x08006948   0x08006948   0x0000003e   Code   RO          901    .text               c_w.l(strlen.o)
    0x08006986   0x08006986   0x00000006   Code   RO          905    .text               c_w.l(heapauxi.o)
    0x0800698c   0x0800698c   0x00000008   Code   RO          961    .text               c_w.l(rt_heap_descriptor_intlibspace.o)
    0x08006994   0x08006994   0x00000004   Code   RO          963    .text               c_w.l(hguard.o)
    0x08006998   0x08006998   0x0000008a   Code   RO          965    .text               c_w.l(init_alloc.o)
    0x08006a22   0x08006a22   0x0000000e   Code   RO          969    .text               c_w.l(h1_init.o)
    0x08006a30   0x08006a30   0x00000016   Code   RO          983    .text               c_w.l(_rserrno.o)
    0x08006a46   0x08006a46   0x0000041e   Code   RO          987    .text               c_w.l(_printf_fp_dec.o)
    0x08006e64   0x08006e64   0x00000030   Code   RO          989    .text               c_w.l(_printf_char_common.o)
    0x08006e94   0x08006e94   0x0000000a   Code   RO          991    .text               c_w.l(_sputc.o)
    0x08006e9e   0x08006e9e   0x00000002   PAD
    0x08006ea0   0x08006ea0   0x00000008   Code   RO         1058    .text               c_w.l(libspace.o)
    0x08006ea8   0x08006ea8   0x00000008   Code   RO         1079    .text               c_w.l(rt_locale_intlibspace.o)
    0x08006eb0   0x08006eb0   0x00000008   Code   RO         1084    .text               c_w.l(rt_errno_addr_intlibspace.o)
    0x08006eb8   0x08006eb8   0x00000034   Code   RO         1090    .text               c_w.l(h1_extend.o)
    0x08006eec   0x08006eec   0x0000008a   Code   RO         1094    .text               c_w.l(lludiv10.o)
    0x08006f76   0x08006f76   0x00000002   PAD
    0x08006f78   0x08006f78   0x00000080   Code   RO         1096    .text               c_w.l(_printf_fp_infnan.o)
    0x08006ff8   0x08006ff8   0x000000e4   Code   RO         1100    .text               c_w.l(bigflt0.o)
    0x080070dc   0x080070dc   0x0000000e   Code   RO         1128    .text               c_w.l(defsig_rtmem_outer.o)
    0x080070ea   0x080070ea   0x00000002   Code   RO         1143    .text               c_w.l(use_no_semi.o)
    0x080070ec   0x080070ec   0x00000000   Code   RO         1145    .text               c_w.l(indicate_semi.o)
    0x080070ec   0x080070ec   0x0000004a   Code   RO         1146    .text               c_w.l(sys_stackheap_outer.o)
    0x08007136   0x08007136   0x00000012   Code   RO         1152    .text               c_w.l(exit.o)
    0x08007148   0x08007148   0x0000000a   Code   RO         1154    .text               c_w.l(defsig_exit.o)
    0x08007152   0x08007152   0x00000002   PAD
    0x08007154   0x08007154   0x00000050   Code   RO         1156    .text               c_w.l(defsig_rtmem_inner.o)
    0x080071a4   0x080071a4   0x00000080   Code   RO         1158    .text               c_w.l(strcmpv7m.o)
    0x08007224   0x08007224   0x0000000c   Code   RO         1170    .text               c_w.l(sys_exit.o)
    0x08007230   0x08007230   0x00000032   Code   RO         1180    .text               c_w.l(defsig_general.o)
    0x08007262   0x08007262   0x0000000e   Code   RO         1198    .text               c_w.l(sys_wrch.o)
    0x08007270   0x08007270   0x0000003e   Code   RO         1103    CL$$btod_d2e        c_w.l(btod.o)
    0x080072ae   0x080072ae   0x00000046   Code   RO         1105    CL$$btod_d2e_denorm_low  c_w.l(btod.o)
    0x080072f4   0x080072f4   0x00000060   Code   RO         1104    CL$$btod_d2e_norm_op1  c_w.l(btod.o)
    0x08007354   0x08007354   0x00000338   Code   RO         1113    CL$$btod_div_common  c_w.l(btod.o)
    0x0800768c   0x0800768c   0x000000dc   Code   RO         1110    CL$$btod_e2e        c_w.l(btod.o)
    0x08007768   0x08007768   0x0000002a   Code   RO         1107    CL$$btod_ediv       c_w.l(btod.o)
    0x08007792   0x08007792   0x0000002a   Code   RO         1106    CL$$btod_emul       c_w.l(btod.o)
    0x080077bc   0x080077bc   0x00000244   Code   RO         1112    CL$$btod_mult_common  c_w.l(btod.o)
    0x08007a00   0x08007a00   0x00000030   Code   RO         1141    i.__ARM_fpclassify  m_wm.l(fpclassify.o)
    0x08007a30   0x08007a30   0x0000007a   Code   RO          943    i.__hardfp_sqrt     m_wm.l(sqrt.o)
    0x08007aaa   0x08007aaa   0x0000000e   Code   RO          888    i._is_digit         c_w.l(__printf_wp.o)
    0x08007ab8   0x08007ab8   0x0000002c   Code   RO         1126    locale$$code        c_w.l(lc_numeric_c.o)
    0x08007ae4   0x08007ae4   0x00000062   Code   RO          909    x$fpl$d2f           fz_wm.l(d2f.o)
    0x08007b46   0x08007b46   0x00000002   PAD
    0x08007b48   0x08007b48   0x00000150   Code   RO          911    x$fpl$dadd          fz_wm.l(daddsub_clz.o)
    0x08007c98   0x08007c98   0x00000018   Code   RO         1043    x$fpl$dcmpinf       fz_wm.l(dcmpi.o)
    0x08007cb0   0x08007cb0   0x000002b0   Code   RO          918    x$fpl$ddiv          fz_wm.l(ddiv.o)
    0x08007f60   0x08007f60   0x00000078   Code   RO          921    x$fpl$deqf          fz_wm.l(deqf.o)
    0x08007fd8   0x08007fd8   0x0000005a   Code   RO          923    x$fpl$dfixu         fz_wm.l(dfixu.o)
    0x08008032   0x08008032   0x00000026   Code   RO          927    x$fpl$dfltu         fz_wm.l(dflt_clz.o)
    0x08008058   0x08008058   0x00000078   Code   RO          933    x$fpl$dleqf         fz_wm.l(dleqf.o)
    0x080080d0   0x080080d0   0x00000154   Code   RO          935    x$fpl$dmul          fz_wm.l(dmul.o)
    0x08008224   0x08008224   0x0000009c   Code   RO         1045    x$fpl$dnaninf       fz_wm.l(dnaninf.o)
    0x080082c0   0x080082c0   0x0000000c   Code   RO         1047    x$fpl$dretinf       fz_wm.l(dretinf.o)
    0x080082cc   0x080082cc   0x0000006c   Code   RO          937    x$fpl$drleqf        fz_wm.l(drleqf.o)
    0x08008338   0x08008338   0x00000198   Code   RO         1049    x$fpl$dsqrt         fz_wm.l(dsqrt_umaal.o)
    0x080084d0   0x080084d0   0x000001d4   Code   RO          913    x$fpl$dsub          fz_wm.l(daddsub_clz.o)
    0x080086a4   0x080086a4   0x00000056   Code   RO          939    x$fpl$f2d           fz_wm.l(f2d.o)
    0x080086fa   0x080086fa   0x0000008c   Code   RO         1051    x$fpl$fnaninf       fz_wm.l(fnaninf.o)
    0x08008786   0x08008786   0x0000000a   Code   RO         1137    x$fpl$fpinit        fz_wm.l(fpinit.o)
    0x08008790   0x08008790   0x0000000a   Code   RO         1053    x$fpl$fretinf       fz_wm.l(fretinf.o)
    0x0800879a   0x0800879a   0x00000004   Code   RO          941    x$fpl$printf1       fz_wm.l(printf1.o)
    0x0800879e   0x0800879e   0x00000000   Code   RO         1055    x$fpl$usenofp       fz_wm.l(usenofp.o)
    0x0800879e   0x0800879e   0x00001736   Data   RO          167    .constdata          gui.o
    0x08009ed4   0x08009ed4   0x00017d44   Data   RO          284    .constdata          temperaturetest.o
    0x08021c18   0x08021c18   0x0000001c   Data   RO          683    .constdata          stm32f4xx_fsmc.o
    0x08021c34   0x08021c34   0x00000011   Data   RO          891    .constdata          c_w.l(__printf_flags_wp.o)
    0x08021c45   0x08021c45   0x00000003   PAD
    0x08021c48   0x08021c48   0x00000094   Data   RO         1101    .constdata          c_w.l(bigflt0.o)
    0x08021cdc   0x08021cdc   0x00000079   Data   RO          569    .conststring        touch.o
    0x08021d55   0x08021d55   0x00000003   PAD
    0x08021d58   0x08021d58   0x00000020   Data   RO         1228    Region$$Table       anon$$obj.o
    0x08021d78   0x08021d78   0x0000001c   Data   RO         1125    locale$$data        c_w.l(lc_numeric_c.o)


    Execution Region RW_IRAM1 (Exec base: 0x20000000, Load base: 0x08021d94, Size: 0x00000700, Max: 0x00020000, ABSOLUTE)

    Exec Addr    Load Addr    Size         Type   Attr      Idx    E Section Name        Object

    0x20000000   0x08021d94   0x00000014   Data   RW          219    .data               system_stm32f4xx.o
    0x20000014   0x08021da8   0x00000011   Data   RW          369    .data               tm_stm32f4_delay.o
    0x20000025   0x08021db9   0x00000003   PAD
    0x20000028   0x08021dbc   0x00000004   Data   RW          438    .data               max31865.o
    0x2000002c   0x08021dc0   0x00000006   Data   RW          523    .data               lcd.o
    0x20000032   0x08021dc6   0x00000002   PAD
    0x20000034   0x08021dc8   0x00000030   Data   RW          570    .data               touch.o
    0x20000064   0x08021df8   0x00000004   Data   RW          596    .data               delay.o
    0x20000068   0x08021dfc   0x00000010   Data   RW          706    .data               stm32f4xx_rcc.o
    0x20000078        -       0x00000018   Zero   RW          368    .bss                tm_stm32f4_delay.o
    0x20000090        -       0x00000010   Zero   RW          522    .bss                lcd.o
    0x200000a0        -       0x00000060   Zero   RW         1059    .bss                c_w.l(libspace.o)
    0x20000100        -       0x00000200   Zero   RW          634    HEAP                startup_stm32f40_41xxx.o
    0x20000300        -       0x00000400   Zero   RW          633    STACK               startup_stm32f40_41xxx.o


==============================================================================

Image component sizes


      Code (inc. data)   RO Data    RW Data    ZI Data      Debug   Object Name

       378          0          0          0          0       3014   24cxx.o
       260          8          0          4          0       1669   delay.o
      3452         60       5942          0          0      12958   gui.o
      1644         44          0          6         16       7337   lcd.o
       136          6          0          0          0     287965   main.o
       832         24          0          4          0       4144   max31865.o
       224         20          0          0          0       2005   misc.o
       604         14          0          0          0       2032   myiic.o
        64         26        392          0       1536        928   startup_stm32f40_41xxx.o
      1480         18         28          0          0       5930   stm32f4xx_fsmc.o
       660         44          0          0          0       4345   stm32f4xx_gpio.o
        24          0          0          0          0       1238   stm32f4xx_it.o
      1628         52          0         16          0      13316   stm32f4xx_rcc.o
      3234         60          0          0          0      23176   stm32f4xx_tim.o
       528         46          0         20          0       2107   system_stm32f4xx.o
      5076        306      97604          0          0      14427   temperaturetest.o
       664         32          0         17         24       7058   tm_stm32f4_delay.o
       880         62          0          0          0       2778   tm_stm32f4_timer_properties.o
      3992        350        121         48          0       7173   touch.o

    ----------------------------------------------------------------------
     25764       1172     104122        120       1576     403600   Object Totals
         0          0         32          0          0          0   (incl. Generated)
         4          0          3          5          0          0   (incl. Padding)

    ----------------------------------------------------------------------

      Code (inc. data)   RO Data    RW Data    ZI Data      Debug   Library Member Name

         8          0          0          0          0         68   __main.o
       312          4         17          0          0         92   __printf_flags_wp.o
        14          0          0          0          0         68   __printf_wp.o
         0          0          0          0          0          0   __rtentry.o
        12          0          0          0          0          0   __rtentry2.o
         6          0          0          0          0          0   __rtentry4.o
        52          8          0          0          0          0   __scatter.o
        26          0          0          0          0          0   __scatter_copy.o
        28          0          0          0          0          0   __scatter_zi.o
        48          6          0          0          0         96   _printf_char_common.o
         6          0          0          0          0          0   _printf_f.o
      1054          0          0          0          0        216   _printf_fp_dec.o
       128         16          0          0          0         84   _printf_fp_infnan.o
        78          0          0          0          0        108   _printf_pad.o
         0          0          0          0          0          0   _printf_percent.o
         4          0          0          0          0          0   _printf_percent_end.o
        22          0          0          0          0        100   _rserrno.o
        10          0          0          0          0         68   _sputc.o
       228          4        148          0          0         96   bigflt0.o
      1936        128          0          0          0        672   btod.o
        10          0          0          0          0         68   defsig_exit.o
        50          0          0          0          0         88   defsig_general.o
        80         58          0          0          0         76   defsig_rtmem_inner.o
        14          0          0          0          0         80   defsig_rtmem_outer.o
        18          0          0          0          0         80   exit.o
        94          0          0          0          0         80   h1_alloc.o
        52          0          0          0          0         68   h1_extend.o
        78          0          0          0          0         80   h1_free.o
        14          0          0          0          0         84   h1_init.o
         6          0          0          0          0        152   heapauxi.o
         4          0          0          0          0        136   hguard.o
         0          0          0          0          0          0   indicate_semi.o
       138          0          0          0          0        168   init_alloc.o
        44         10         28          0          0         76   lc_numeric_c.o
         2          0          0          0          0          0   libinit.o
        30          0          0          0          0          0   libinit2.o
         2          0          0          0          0          0   libshutdown.o
         2          0          0          0          0          0   libshutdown2.o
         8          4          0          0         96         68   libspace.o
       138          0          0          0          0         80   lludiv10.o
         0          0          0          0          0          0   maybetermalloc1.o
        40          6          0          0          0         84   noretval__2sprintf.o
         8          4          0          0          0         68   rt_errno_addr_intlibspace.o
         8          4          0          0          0         68   rt_heap_descriptor_intlibspace.o
         8          4          0          0          0         68   rt_locale_intlibspace.o
         2          0          0          0          0          0   rtexit.o
        10          0          0          0          0          0   rtexit2.o
       128          0          0          0          0         68   strcmpv7m.o
        62          0          0          0          0         76   strlen.o
        12          4          0          0          0         68   sys_exit.o
        74          0          0          0          0         80   sys_stackheap_outer.o
        14          0          0          0          0         76   sys_wrch.o
         2          0          0          0          0         68   use_no_semi.o
        98          4          0          0          0        140   d2f.o
       804         16          0          0          0        368   daddsub_clz.o
        24          0          0          0          0        116   dcmpi.o
       688        140          0          0          0        256   ddiv.o
       120          4          0          0          0        140   deqf.o
        90          4          0          0          0        140   dfixu.o
        38          0          0          0          0        116   dflt_clz.o
       120          4          0          0          0        140   dleqf.o
       340         12          0          0          0        152   dmul.o
       156          4          0          0          0        140   dnaninf.o
        12          0          0          0          0        116   dretinf.o
       108          0          0          0          0        128   drleqf.o
       408         56          0          0          0        168   dsqrt_umaal.o
        86          4          0          0          0        132   f2d.o
       140          4          0          0          0        132   fnaninf.o
        10          0          0          0          0        116   fpinit.o
        10          0          0          0          0        116   fretinf.o
         4          0          0          0          0        116   printf1.o
         0          0          0          0          0          0   usenofp.o
        48          0          0          0          0        124   fpclassify.o
       122          0          0          0          0        148   sqrt.o

    ----------------------------------------------------------------------
      8562        512        196          0         96       6780   Library Totals
        12          0          3          0          0          0   (incl. Padding)

    ----------------------------------------------------------------------

      Code (inc. data)   RO Data    RW Data    ZI Data      Debug   Library Name

      5124        260        193          0         96       3776   c_w.l
      3256        252          0          0          0       2732   fz_wm.l
       170          0          0          0          0        272   m_wm.l

    ----------------------------------------------------------------------
      8562        512        196          0         96       6780   Library Totals

    ----------------------------------------------------------------------

==============================================================================


      Code (inc. data)   RO Data    RW Data    ZI Data      Debug   

     34326       1684     104318        120       1672     402648   Grand Totals
     34326       1684     104318        120       1672     402648   ELF Image Totals
     34326       1684     104318        120          0          0   ROM Totals

==============================================================================

    Total RO  Size (Code + RO Data)               138644 ( 135.39kB)
    Total RW  Size (RW Data + ZI Data)              1792 (   1.75kB)
    Total ROM Size (Code + RO Data + RW Data)     138764 ( 135.51kB)

==============================================================================

